../Utilities/STM32F1xx_Nucleo/stm32f1xx_nucleo.c:161:10:BSP_GetVersion	4	static
../Utilities/STM32F1xx_Nucleo/stm32f1xx_nucleo.c:176:6:BSP_LED_Init	40	static
../Utilities/STM32F1xx_Nucleo/stm32f1xx_nucleo.c:202:6:BSP_LED_DeInit	32	static
../Utilities/STM32F1xx_Nucleo/stm32f1xx_nucleo.c:219:6:BSP_LED_On	16	static
../Utilities/STM32F1xx_Nucleo/stm32f1xx_nucleo.c:230:6:BSP_LED_Off	16	static
../Utilities/STM32F1xx_Nucleo/stm32f1xx_nucleo.c:241:6:BSP_LED_Toggle	16	static
../Utilities/STM32F1xx_Nucleo/stm32f1xx_nucleo.c:264:6:BSP_PB_Init	40	static
../Utilities/STM32F1xx_Nucleo/stm32f1xx_nucleo.c:301:6:BSP_PB_DeInit	32	static
../Utilities/STM32F1xx_Nucleo/stm32f1xx_nucleo.c:316:10:BSP_PB_GetState	16	static
../Utilities/STM32F1xx_Nucleo/stm32f1xx_nucleo.c:339:13:SPIx_MspInit	40	static
../Utilities/STM32F1xx_Nucleo/stm32f1xx_nucleo.c:370:13:SPIx_Init	8	static
../Utilities/STM32F1xx_Nucleo/stm32f1xx_nucleo.c:405:13:SPIx_WriteReadData	40	static
../Utilities/STM32F1xx_Nucleo/stm32f1xx_nucleo.c:424:13:SPIx_WriteData	24	static
../Utilities/STM32F1xx_Nucleo/stm32f1xx_nucleo.c:442:13:SPIx_Write	32	static
../Utilities/STM32F1xx_Nucleo/stm32f1xx_nucleo.c:460:13:SPIx_Error	8	static
../Utilities/STM32F1xx_Nucleo/stm32f1xx_nucleo.c:478:6:SD_IO_Init	32	static
../Utilities/STM32F1xx_Nucleo/stm32f1xx_nucleo.c:520:6:SD_IO_CSState	16	static
../Utilities/STM32F1xx_Nucleo/stm32f1xx_nucleo.c:538:6:SD_IO_WriteReadData	24	static
../Utilities/STM32F1xx_Nucleo/stm32f1xx_nucleo.c:549:9:SD_IO_WriteByte	24	static
../Utilities/STM32F1xx_Nucleo/stm32f1xx_nucleo.c:563:6:SD_IO_ReadData	16	static
../Utilities/STM32F1xx_Nucleo/stm32f1xx_nucleo.c:574:6:SD_IO_WriteData	16	static
../Utilities/STM32F1xx_Nucleo/stm32f1xx_nucleo.c:584:6:LCD_IO_Init	32	static
../Utilities/STM32F1xx_Nucleo/stm32f1xx_nucleo.c:614:6:LCD_IO_WriteReg	16	static
../Utilities/STM32F1xx_Nucleo/stm32f1xx_nucleo.c:634:6:LCD_IO_WriteMultipleData	24	static
../Utilities/STM32F1xx_Nucleo/stm32f1xx_nucleo.c:685:6:LCD_Delay	16	static
../Utilities/STM32F1xx_Nucleo/stm32f1xx_nucleo.c:697:13:ADCx_MspInit	40	static
../Utilities/STM32F1xx_Nucleo/stm32f1xx_nucleo.c:721:13:ADCx_MspDeInit	32	static
../Utilities/STM32F1xx_Nucleo/stm32f1xx_nucleo.c:740:26:ADCx_Init	8	static
../Utilities/STM32F1xx_Nucleo/stm32f1xx_nucleo.c:778:13:ADCx_DeInit	8	static
../Utilities/STM32F1xx_Nucleo/stm32f1xx_nucleo.c:793:9:BSP_JOY_Init	8	static
../Utilities/STM32F1xx_Nucleo/stm32f1xx_nucleo.c:813:6:BSP_JOY_DeInit	8	static
../Utilities/STM32F1xx_Nucleo/stm32f1xx_nucleo.c:830:18:BSP_JOY_GetState	16	static
