../HAL_Driver/Src/stm32f1xx_hal_can.c:171:19:HAL_CAN_Init	32	static
../HAL_Driver/Src/stm32f1xx_hal_can.c:344:19:HAL_CAN_ConfigFilter	24	static
../HAL_Driver/Src/stm32f1xx_hal_can.c:444:19:HAL_CAN_DeInit	16	static
../HAL_Driver/Src/stm32f1xx_hal_can.c:477:13:HAL_CAN_MspInit	16	static
../HAL_Driver/Src/stm32f1xx_hal_can.c:490:13:HAL_CAN_MspDeInit	16	static
../HAL_Driver/Src/stm32f1xx_hal_can.c:525:19:HAL_CAN_Transmit	24	static
../HAL_Driver/Src/stm32f1xx_hal_can.c:661:19:HAL_CAN_Transmit_IT	24	static
../HAL_Driver/Src/stm32f1xx_hal_can.c:778:19:HAL_CAN_Receive	32	static
../HAL_Driver/Src/stm32f1xx_hal_can.c:884:19:HAL_CAN_Receive_IT	16	static
../HAL_Driver/Src/stm32f1xx_hal_can.c:952:19:HAL_CAN_Sleep	24	static
../HAL_Driver/Src/stm32f1xx_hal_can.c:1013:19:HAL_CAN_WakeUp	24	static
../HAL_Driver/Src/stm32f1xx_hal_can.c:1067:6:HAL_CAN_IRQHandler	16	static
../HAL_Driver/Src/stm32f1xx_hal_can.c:1183:13:HAL_CAN_TxCpltCallback	16	static
../HAL_Driver/Src/stm32f1xx_hal_can.c:1196:13:HAL_CAN_RxCpltCallback	16	static
../HAL_Driver/Src/stm32f1xx_hal_can.c:1209:13:HAL_CAN_ErrorCallback	16	static
../HAL_Driver/Src/stm32f1xx_hal_can.c:1242:22:HAL_CAN_GetState	16	static
../HAL_Driver/Src/stm32f1xx_hal_can.c:1254:10:HAL_CAN_GetError	16	static
../HAL_Driver/Src/stm32f1xx_hal_can.c:1276:26:CAN_Transmit_IT	16	static
../HAL_Driver/Src/stm32f1xx_hal_can.c:1321:26:CAN_Receive_IT	16	static
