15:24:25 **** Incremental Build of configuration Debug for project rescapt ****
make all 
arm-none-eabi-gcc "../src/main.c" -mcpu=cortex-m3 -std=gnu11 -g3 -DSTM32 -DSTM32F1 -DSTM32F103RBTx -DNUCLEO_F103RB -DDEBUG -DSTM32F103xB -DUSE_HAL_DRIVER -c -I"/home/e2022/a2rahal/Bureau/CAN_project/WORKSPACE_RESCAPT_STM32CUBEIDE/WORKSPACE_RESCAPT_STM32CUBEIDE/rescapt/HAL_Driver/Inc/Legacy" -I"/home/e2022/a2rahal/Bureau/CAN_project/WORKSPACE_RESCAPT_STM32CUBEIDE/WORKSPACE_RESCAPT_STM32CUBEIDE/rescapt/src/vl6180x" -I"/home/e2022/a2rahal/Bureau/CAN_project/WORKSPACE_RESCAPT_STM32CUBEIDE/WORKSPACE_RESCAPT_STM32CUBEIDE/rescapt/Utilities/STM32F1xx_Nucleo" -I"/home/e2022/a2rahal/Bureau/CAN_project/WORKSPACE_RESCAPT_STM32CUBEIDE/WORKSPACE_RESCAPT_STM32CUBEIDE/rescapt/inc" -I"/home/e2022/a2rahal/Bureau/CAN_project/WORKSPACE_RESCAPT_STM32CUBEIDE/WORKSPACE_RESCAPT_STM32CUBEIDE/rescapt/CMSIS/device" -I"/home/e2022/a2rahal/Bureau/CAN_project/WORKSPACE_RESCAPT_STM32CUBEIDE/WORKSPACE_RESCAPT_STM32CUBEIDE/rescapt/CMSIS/core" -I"/home/e2022/a2rahal/Bureau/CAN_project/WORKSPACE_RESCAPT_STM32CUBEIDE/WORKSPACE_RESCAPT_STM32CUBEIDE/rescapt/HAL_Driver/Inc" -O0 -ffunction-sections -Wall -fcommon -fstack-usage -MMD -MP -MF"src/main.d" -MT"src/main.o" --specs=nano.specs -mfloat-abi=soft -mthumb -o "src/main.o"
../src/main.c: In function 'main':
../src/main.c:191:6: warning: implicit declaration of function 'DYN_ANEMO_PRESS_callBack' [-Wimplicit-function-declaration]
  191 |      DYN_ANEMO_PRESS_callBack();
      |      ^~~~~~~~~~~~~~~~~~~~~~~~
../src/main.c:192:6: warning: implicit declaration of function 'canSendMessage' [-Wimplicit-function-declaration]
  192 |      canSendMessage();
      |      ^~~~~~~~~~~~~~
../src/main.c: At top level:
../src/main.c:220:6: warning: conflicting types for 'DYN_ANEMO_PRESS_callBack'
  220 | void DYN_ANEMO_PRESS_callBack(void){
      |      ^~~~~~~~~~~~~~~~~~~~~~~~
../src/main.c:191:6: note: previous implicit declaration of 'DYN_ANEMO_PRESS_callBack' was here
  191 |      DYN_ANEMO_PRESS_callBack();
      |      ^~~~~~~~~~~~~~~~~~~~~~~~
../src/main.c:350:6: warning: conflicting types for 'canSendMessage'
  350 | void canSendMessage(void){
      |      ^~~~~~~~~~~~~~
../src/main.c:192:6: note: previous implicit declaration of 'canSendMessage' was here
  192 |      canSendMessage();
      |      ^~~~~~~~~~~~~~
arm-none-eabi-gcc -o "rescapt.elf" @"objects.list"   -mcpu=cortex-m3 -T"/home/e2022/a2rahal/Bureau/CAN_project/WORKSPACE_RESCAPT_STM32CUBEIDE/WORKSPACE_RESCAPT_STM32CUBEIDE/rescapt/LinkerScript.ld" --specs=nosys.specs -Wl,-Map="rescapt.map" -Wl,--gc-sections -static --specs=nano.specs -mfloat-abi=soft -mthumb -u _printf_float -u _scanf_float -Wl,--start-group -lc -lm -Wl,--end-group
Finished building target: rescapt.elf
 
arm-none-eabi-size   rescapt.elf 
   text	   data	    bss	    dec	    hex	filename
  47408	    496	   2888	  50792	   c668	rescapt.elf
Finished building: default.size.stdout
 
arm-none-eabi-objdump -h -S  rescapt.elf  > "rescapt.list"
Finished building: rescapt.list
 
arm-none-eabi-objcopy  -O binary  rescapt.elf  "rescapt.bin"
Finished building: rescapt.bin
 

15:24:26 Build Finished. 0 errors, 4 warnings. (took 1s.112ms)

