12:15:57 **** Incremental Build of configuration Debug for project rescapt ****
make all 
arm-none-eabi-gcc "../src/main.c" -mcpu=cortex-m3 -std=gnu11 -g3 -DSTM32 -DSTM32F1 -DSTM32F103RBTx -DNUCLEO_F103RB -DDEBUG -DSTM32F103xB -DUSE_HAL_DRIVER -c -I"/home/e2022/a2rahal/Bureau/CAN_project/WORKSPACE_RESCAPT_STM32CUBEIDE/WORKSPACE_RESCAPT_STM32CUBEIDE/rescapt/HAL_Driver/Inc/Legacy" -I"/home/e2022/a2rahal/Bureau/CAN_project/WORKSPACE_RESCAPT_STM32CUBEIDE/WORKSPACE_RESCAPT_STM32CUBEIDE/rescapt/src/vl6180x" -I"/home/e2022/a2rahal/Bureau/CAN_project/WORKSPACE_RESCAPT_STM32CUBEIDE/WORKSPACE_RESCAPT_STM32CUBEIDE/rescapt/Utilities/STM32F1xx_Nucleo" -I"/home/e2022/a2rahal/Bureau/CAN_project/WORKSPACE_RESCAPT_STM32CUBEIDE/WORKSPACE_RESCAPT_STM32CUBEIDE/rescapt/inc" -I"/home/e2022/a2rahal/Bureau/CAN_project/WORKSPACE_RESCAPT_STM32CUBEIDE/WORKSPACE_RESCAPT_STM32CUBEIDE/rescapt/CMSIS/device" -I"/home/e2022/a2rahal/Bureau/CAN_project/WORKSPACE_RESCAPT_STM32CUBEIDE/WORKSPACE_RESCAPT_STM32CUBEIDE/rescapt/CMSIS/core" -I"/home/e2022/a2rahal/Bureau/CAN_project/WORKSPACE_RESCAPT_STM32CUBEIDE/WORKSPACE_RESCAPT_STM32CUBEIDE/rescapt/HAL_Driver/Inc" -O0 -ffunction-sections -Wall -fcommon -fstack-usage -MMD -MP -MF"src/main.d" -MT"src/main.o" --specs=nano.specs -mfloat-abi=soft -mthumb -o "src/main.o"
../src/main.c: In function 'main':
../src/main.c:110:5: warning: implicit declaration of function 'hts221_activate' [-Wimplicit-function-declaration]
  110 |     hts221_activate();
      |     ^~~~~~~~~~~~~~~
../src/main.c:111:5: warning: implicit declaration of function 'hts221_storeCalibration' [-Wimplicit-function-declaration]
  111 |     hts221_storeCalibration();
      |     ^~~~~~~~~~~~~~~~~~~~~~~
../src/main.c:112:13: warning: implicit declaration of function 'lps25hb_whoAmI' [-Wimplicit-function-declaration]
  112 |     idLPS = lps25hb_whoAmI();
      |             ^~~~~~~~~~~~~~
../src/main.c:113:5: warning: implicit declaration of function 'lps25hb_setup' [-Wimplicit-function-declaration]
  113 |     lps25hb_setup();
      |     ^~~~~~~~~~~~~
../src/main.c:114:13: warning: implicit declaration of function 'hts221_whoAmI' [-Wimplicit-function-declaration]
  114 |     idHTS = hts221_whoAmI();
      |             ^~~~~~~~~~~~~
../src/main.c:198:2: warning: implicit declaration of function 'light_distance_callBack' [-Wimplicit-function-declaration]
  198 |  light_distance_callBack();
      |  ^~~~~~~~~~~~~~~~~~~~~~~
../src/main.c:199:2: warning: implicit declaration of function 'PTH_callBack'; did you mean 'can_callback'? [-Wimplicit-function-declaration]
  199 |  PTH_callBack();
      |  ^~~~~~~~~~~~
      |  can_callback
../src/main.c:200:2: warning: implicit declaration of function 'canSendMessage' [-Wimplicit-function-declaration]
  200 |  canSendMessage();
      |  ^~~~~~~~~~~~~~
../src/main.c:108:17: warning: variable 'idHTS' set but not used [-Wunused-but-set-variable]
  108 |  uint8_t idLPS, idHTS;
      |                 ^~~~~
../src/main.c:108:10: warning: variable 'idLPS' set but not used [-Wunused-but-set-variable]
  108 |  uint8_t idLPS, idHTS;
      |          ^~~~~
../src/main.c: At top level:
../src/main.c:299:6: warning: conflicting types for 'light_distance_callBack'
  299 | void light_distance_callBack(void){
      |      ^~~~~~~~~~~~~~~~~~~~~~~
../src/main.c:198:2: note: previous implicit declaration of 'light_distance_callBack' was here
  198 |  light_distance_callBack();
      |  ^~~~~~~~~~~~~~~~~~~~~~~
../src/main.c:317:6: warning: conflicting types for 'PTH_callBack'
  317 | void PTH_callBack(void){
      |      ^~~~~~~~~~~~
../src/main.c:199:2: note: previous implicit declaration of 'PTH_callBack' was here
  199 |  PTH_callBack();
      |  ^~~~~~~~~~~~
../src/main.c: In function 'PTH_callBack':
../src/main.c:320:11: warning: implicit declaration of function 'lps25hb_getPressure' [-Wimplicit-function-declaration]
  320 |  succes = lps25hb_getPressure(&pressure);
      |           ^~~~~~~~~~~~~~~~~~~
../src/main.c:321:14: warning: implicit declaration of function 'lps25hb_getTemperature' [-Wimplicit-function-declaration]
  321 |     succes = lps25hb_getTemperature(&temp_lps25hb);
      |              ^~~~~~~~~~~~~~~~~~~~~~
../src/main.c:322:11: warning: implicit declaration of function 'hts221_getTemperature' [-Wimplicit-function-declaration]
  322 |  succes = hts221_getTemperature(&temp_hts221);
      |           ^~~~~~~~~~~~~~~~~~~~~
../src/main.c:323:11: warning: implicit declaration of function 'hts221_getHumidity' [-Wimplicit-function-declaration]
  323 |  succes = hts221_getHumidity(&humidity);
      |           ^~~~~~~~~~~~~~~~~~
../src/main.c: At top level:
../src/main.c:338:6: warning: conflicting types for 'canSendMessage'
  338 | void canSendMessage(void){
      |      ^~~~~~~~~~~~~~
../src/main.c:200:2: note: previous implicit declaration of 'canSendMessage' was here
  200 |  canSendMessage();
      |  ^~~~~~~~~~~~~~
arm-none-eabi-gcc -o "rescapt.elf" @"objects.list"   -mcpu=cortex-m3 -T"/home/e2022/a2rahal/Bureau/CAN_project/WORKSPACE_RESCAPT_STM32CUBEIDE/WORKSPACE_RESCAPT_STM32CUBEIDE/rescapt/LinkerScript.ld" --specs=nosys.specs -Wl,-Map="rescapt.map" -Wl,--gc-sections -static --specs=nano.specs -mfloat-abi=soft -mthumb -u _printf_float -u _scanf_float -Wl,--start-group -lc -lm -Wl,--end-group
Finished building target: rescapt.elf
 
arm-none-eabi-size   rescapt.elf 
   text	   data	    bss	    dec	    hex	filename
  67448	    760	   2968	  71176	  11608	rescapt.elf
Finished building: default.size.stdout
 
arm-none-eabi-objdump -h -S  rescapt.elf  > "rescapt.list"
Finished building: rescapt.list
 
arm-none-eabi-objcopy  -O binary  rescapt.elf  "rescapt.bin"
Finished building: rescapt.bin
 
12:16:48 **** Incremental Build of configuration Debug for project rescapt ****
make all 
arm-none-eabi-gcc "../src/main.c" -mcpu=cortex-m3 -std=gnu11 -g3 -DSTM32 -DSTM32F1 -DSTM32F103RBTx -DNUCLEO_F103RB -DDEBUG -DSTM32F103xB -DUSE_HAL_DRIVER -c -I"/home/e2022/a2rahal/Bureau/CAN_project/WORKSPACE_RESCAPT_STM32CUBEIDE/WORKSPACE_RESCAPT_STM32CUBEIDE/rescapt/HAL_Driver/Inc/Legacy" -I"/home/e2022/a2rahal/Bureau/CAN_project/WORKSPACE_RESCAPT_STM32CUBEIDE/WORKSPACE_RESCAPT_STM32CUBEIDE/rescapt/src/vl6180x" -I"/home/e2022/a2rahal/Bureau/CAN_project/WORKSPACE_RESCAPT_STM32CUBEIDE/WORKSPACE_RESCAPT_STM32CUBEIDE/rescapt/Utilities/STM32F1xx_Nucleo" -I"/home/e2022/a2rahal/Bureau/CAN_project/WORKSPACE_RESCAPT_STM32CUBEIDE/WORKSPACE_RESCAPT_STM32CUBEIDE/rescapt/inc" -I"/home/e2022/a2rahal/Bureau/CAN_project/WORKSPACE_RESCAPT_STM32CUBEIDE/WORKSPACE_RESCAPT_STM32CUBEIDE/rescapt/CMSIS/device" -I"/home/e2022/a2rahal/Bureau/CAN_project/WORKSPACE_RESCAPT_STM32CUBEIDE/WORKSPACE_RESCAPT_STM32CUBEIDE/rescapt/CMSIS/core" -I"/home/e2022/a2rahal/Bureau/CAN_project/WORKSPACE_RESCAPT_STM32CUBEIDE/WORKSPACE_RESCAPT_STM32CUBEIDE/rescapt/HAL_Driver/Inc" -O0 -ffunction-sections -Wall -fcommon -fstack-usage -MMD -MP -MF"src/main.d" -MT"src/main.o" --specs=nano.specs -mfloat-abi=soft -mthumb -o "src/main.o"
../src/main.c: In function 'main':
../src/main.c:191:6: warning: implicit declaration of function 'DYN_ANEMO_PRESS_callBack' [-Wimplicit-function-declaration]
  191 |      DYN_ANEMO_PRESS_callBack();
      |      ^~~~~~~~~~~~~~~~~~~~~~~~
../src/main.c:192:6: warning: implicit declaration of function 'canSendMessage' [-Wimplicit-function-declaration]
  192 |      canSendMessage();
      |      ^~~~~~~~~~~~~~
../src/main.c: At top level:
../src/main.c:220:6: warning: conflicting types for 'DYN_ANEMO_PRESS_callBack'
  220 | void DYN_ANEMO_PRESS_callBack(void){
      |      ^~~~~~~~~~~~~~~~~~~~~~~~
../src/main.c:191:6: note: previous implicit declaration of 'DYN_ANEMO_PRESS_callBack' was here
  191 |      DYN_ANEMO_PRESS_callBack();
      |      ^~~~~~~~~~~~~~~~~~~~~~~~
../src/main.c:338:6: warning: conflicting types for 'canSendMessage'
  338 | void canSendMessage(void){
      |      ^~~~~~~~~~~~~~
../src/main.c:192:6: note: previous implicit declaration of 'canSendMessage' was here
  192 |      canSendMessage();
      |      ^~~~~~~~~~~~~~
arm-none-eabi-gcc -o "rescapt.elf" @"objects.list"   -mcpu=cortex-m3 -T"/home/e2022/a2rahal/Bureau/CAN_project/WORKSPACE_RESCAPT_STM32CUBEIDE/WORKSPACE_RESCAPT_STM32CUBEIDE/rescapt/LinkerScript.ld" --specs=nosys.specs -Wl,-Map="rescapt.map" -Wl,--gc-sections -static --specs=nano.specs -mfloat-abi=soft -mthumb -u _printf_float -u _scanf_float -Wl,--start-group -lc -lm -Wl,--end-group
Finished building target: rescapt.elf
 
arm-none-eabi-size   rescapt.elf 
   text	   data	    bss	    dec	    hex	filename
  51320	    516	   2884	  54720	   d5c0	rescapt.elf
Finished building: default.size.stdout
 
arm-none-eabi-objdump -h -S  rescapt.elf  > "rescapt.list"
Finished building: rescapt.list
 
arm-none-eabi-objcopy  -O binary  rescapt.elf  "rescapt.bin"
Finished building: rescapt.bin
 
12:17:35 **** Incremental Build of configuration Debug for project rescapt ****
make all 
arm-none-eabi-gcc "../src/main.c" -mcpu=cortex-m3 -std=gnu11 -g3 -DSTM32 -DSTM32F1 -DSTM32F103RBTx -DNUCLEO_F103RB -DDEBUG -DSTM32F103xB -DUSE_HAL_DRIVER -c -I"/home/e2022/a2rahal/Bureau/CAN_project/WORKSPACE_RESCAPT_STM32CUBEIDE/WORKSPACE_RESCAPT_STM32CUBEIDE/rescapt/HAL_Driver/Inc/Legacy" -I"/home/e2022/a2rahal/Bureau/CAN_project/WORKSPACE_RESCAPT_STM32CUBEIDE/WORKSPACE_RESCAPT_STM32CUBEIDE/rescapt/src/vl6180x" -I"/home/e2022/a2rahal/Bureau/CAN_project/WORKSPACE_RESCAPT_STM32CUBEIDE/WORKSPACE_RESCAPT_STM32CUBEIDE/rescapt/Utilities/STM32F1xx_Nucleo" -I"/home/e2022/a2rahal/Bureau/CAN_project/WORKSPACE_RESCAPT_STM32CUBEIDE/WORKSPACE_RESCAPT_STM32CUBEIDE/rescapt/inc" -I"/home/e2022/a2rahal/Bureau/CAN_project/WORKSPACE_RESCAPT_STM32CUBEIDE/WORKSPACE_RESCAPT_STM32CUBEIDE/rescapt/CMSIS/device" -I"/home/e2022/a2rahal/Bureau/CAN_project/WORKSPACE_RESCAPT_STM32CUBEIDE/WORKSPACE_RESCAPT_STM32CUBEIDE/rescapt/CMSIS/core" -I"/home/e2022/a2rahal/Bureau/CAN_project/WORKSPACE_RESCAPT_STM32CUBEIDE/WORKSPACE_RESCAPT_STM32CUBEIDE/rescapt/HAL_Driver/Inc" -O0 -ffunction-sections -Wall -fcommon -fstack-usage -MMD -MP -MF"src/main.d" -MT"src/main.o" --specs=nano.specs -mfloat-abi=soft -mthumb -o "src/main.o"
../src/main.c: In function 'main':
../src/main.c:191:6: warning: implicit declaration of function 'DYN_ANEMO_PRESS_callBack' [-Wimplicit-function-declaration]
  191 |      DYN_ANEMO_PRESS_callBack();
      |      ^~~~~~~~~~~~~~~~~~~~~~~~
../src/main.c:192:6: warning: implicit declaration of function 'canSendMessage' [-Wimplicit-function-declaration]
  192 |      canSendMessage();
      |      ^~~~~~~~~~~~~~
../src/main.c: At top level:
../src/main.c:220:6: warning: conflicting types for 'DYN_ANEMO_PRESS_callBack'
  220 | void DYN_ANEMO_PRESS_callBack(void){
      |      ^~~~~~~~~~~~~~~~~~~~~~~~
../src/main.c:191:6: note: previous implicit declaration of 'DYN_ANEMO_PRESS_callBack' was here
  191 |      DYN_ANEMO_PRESS_callBack();
      |      ^~~~~~~~~~~~~~~~~~~~~~~~
../src/main.c:338:6: warning: conflicting types for 'canSendMessage'
  338 | void canSendMessage(void){
      |      ^~~~~~~~~~~~~~
../src/main.c:192:6: note: previous implicit declaration of 'canSendMessage' was here
  192 |      canSendMessage();
      |      ^~~~~~~~~~~~~~
arm-none-eabi-gcc -o "rescapt.elf" @"objects.list"   -mcpu=cortex-m3 -T"/home/e2022/a2rahal/Bureau/CAN_project/WORKSPACE_RESCAPT_STM32CUBEIDE/WORKSPACE_RESCAPT_STM32CUBEIDE/rescapt/LinkerScript.ld" --specs=nosys.specs -Wl,-Map="rescapt.map" -Wl,--gc-sections -static --specs=nano.specs -mfloat-abi=soft -mthumb -u _printf_float -u _scanf_float -Wl,--start-group -lc -lm -Wl,--end-group
Finished building target: rescapt.elf
 
arm-none-eabi-size   rescapt.elf 
   text	   data	    bss	    dec	    hex	filename
  51320	    516	   2884	  54720	   d5c0	rescapt.elf
Finished building: default.size.stdout
 
arm-none-eabi-objdump -h -S  rescapt.elf  > "rescapt.list"
Finished building: rescapt.list
 
arm-none-eabi-objcopy  -O binary  rescapt.elf  "rescapt.bin"
Finished building: rescapt.bin
 
12:42:26 **** Incremental Build of configuration Debug for project rescapt ****
make all 
arm-none-eabi-gcc "../src/main.c" -mcpu=cortex-m3 -std=gnu11 -g3 -DSTM32 -DSTM32F1 -DSTM32F103RBTx -DNUCLEO_F103RB -DDEBUG -DSTM32F103xB -DUSE_HAL_DRIVER -c -I"/home/e2022/a2rahal/Bureau/CAN_project/WORKSPACE_RESCAPT_STM32CUBEIDE/WORKSPACE_RESCAPT_STM32CUBEIDE/rescapt/HAL_Driver/Inc/Legacy" -I"/home/e2022/a2rahal/Bureau/CAN_project/WORKSPACE_RESCAPT_STM32CUBEIDE/WORKSPACE_RESCAPT_STM32CUBEIDE/rescapt/src/vl6180x" -I"/home/e2022/a2rahal/Bureau/CAN_project/WORKSPACE_RESCAPT_STM32CUBEIDE/WORKSPACE_RESCAPT_STM32CUBEIDE/rescapt/Utilities/STM32F1xx_Nucleo" -I"/home/e2022/a2rahal/Bureau/CAN_project/WORKSPACE_RESCAPT_STM32CUBEIDE/WORKSPACE_RESCAPT_STM32CUBEIDE/rescapt/inc" -I"/home/e2022/a2rahal/Bureau/CAN_project/WORKSPACE_RESCAPT_STM32CUBEIDE/WORKSPACE_RESCAPT_STM32CUBEIDE/rescapt/CMSIS/device" -I"/home/e2022/a2rahal/Bureau/CAN_project/WORKSPACE_RESCAPT_STM32CUBEIDE/WORKSPACE_RESCAPT_STM32CUBEIDE/rescapt/CMSIS/core" -I"/home/e2022/a2rahal/Bureau/CAN_project/WORKSPACE_RESCAPT_STM32CUBEIDE/WORKSPACE_RESCAPT_STM32CUBEIDE/rescapt/HAL_Driver/Inc" -O0 -ffunction-sections -Wall -fcommon -fstack-usage -MMD -MP -MF"src/main.d" -MT"src/main.o" --specs=nano.specs -mfloat-abi=soft -mthumb -o "src/main.o"
../src/main.c: In function 'main':
../src/main.c:191:6: warning: implicit declaration of function 'DYN_ANEMO_PRESS_callBack' [-Wimplicit-function-declaration]
  191 |      DYN_ANEMO_PRESS_callBack();
      |      ^~~~~~~~~~~~~~~~~~~~~~~~
../src/main.c:192:6: warning: implicit declaration of function 'canSendMessage' [-Wimplicit-function-declaration]
  192 |      canSendMessage();
      |      ^~~~~~~~~~~~~~
../src/main.c: At top level:
../src/main.c:220:6: warning: conflicting types for 'DYN_ANEMO_PRESS_callBack'
  220 | void DYN_ANEMO_PRESS_callBack(void){
      |      ^~~~~~~~~~~~~~~~~~~~~~~~
../src/main.c:191:6: note: previous implicit declaration of 'DYN_ANEMO_PRESS_callBack' was here
  191 |      DYN_ANEMO_PRESS_callBack();
      |      ^~~~~~~~~~~~~~~~~~~~~~~~
../src/main.c:338:6: warning: conflicting types for 'canSendMessage'
  338 | void canSendMessage(void){
      |      ^~~~~~~~~~~~~~
../src/main.c:192:6: note: previous implicit declaration of 'canSendMessage' was here
  192 |      canSendMessage();
      |      ^~~~~~~~~~~~~~
arm-none-eabi-gcc -o "rescapt.elf" @"objects.list"   -mcpu=cortex-m3 -T"/home/e2022/a2rahal/Bureau/CAN_project/WORKSPACE_RESCAPT_STM32CUBEIDE/WORKSPACE_RESCAPT_STM32CUBEIDE/rescapt/LinkerScript.ld" --specs=nosys.specs -Wl,-Map="rescapt.map" -Wl,--gc-sections -static --specs=nano.specs -mfloat-abi=soft -mthumb -u _printf_float -u _scanf_float -Wl,--start-group -lc -lm -Wl,--end-group
Finished building target: rescapt.elf
 
arm-none-eabi-size   rescapt.elf 
   text	   data	    bss	    dec	    hex	filename
  51320	    516	   2884	  54720	   d5c0	rescapt.elf
Finished building: default.size.stdout
 
arm-none-eabi-objdump -h -S  rescapt.elf  > "rescapt.list"
Finished building: rescapt.list
 
arm-none-eabi-objcopy  -O binary  rescapt.elf  "rescapt.bin"
Finished building: rescapt.bin
 
12:45:19 **** Incremental Build of configuration Debug for project rescapt ****
make all 
arm-none-eabi-size   rescapt.elf 
   text	   data	    bss	    dec	    hex	filename
  51320	    516	   2884	  54720	   d5c0	rescapt.elf
Finished building: default.size.stdout
 
12:49:01 **** Incremental Build of configuration Debug for project rescapt ****
make all 
arm-none-eabi-gcc "../src/main.c" -mcpu=cortex-m3 -std=gnu11 -g3 -DSTM32 -DSTM32F1 -DSTM32F103RBTx -DNUCLEO_F103RB -DDEBUG -DSTM32F103xB -DUSE_HAL_DRIVER -c -I"/home/e2022/a2rahal/Bureau/CAN_project/WORKSPACE_RESCAPT_STM32CUBEIDE/WORKSPACE_RESCAPT_STM32CUBEIDE/rescapt/HAL_Driver/Inc/Legacy" -I"/home/e2022/a2rahal/Bureau/CAN_project/WORKSPACE_RESCAPT_STM32CUBEIDE/WORKSPACE_RESCAPT_STM32CUBEIDE/rescapt/src/vl6180x" -I"/home/e2022/a2rahal/Bureau/CAN_project/WORKSPACE_RESCAPT_STM32CUBEIDE/WORKSPACE_RESCAPT_STM32CUBEIDE/rescapt/Utilities/STM32F1xx_Nucleo" -I"/home/e2022/a2rahal/Bureau/CAN_project/WORKSPACE_RESCAPT_STM32CUBEIDE/WORKSPACE_RESCAPT_STM32CUBEIDE/rescapt/inc" -I"/home/e2022/a2rahal/Bureau/CAN_project/WORKSPACE_RESCAPT_STM32CUBEIDE/WORKSPACE_RESCAPT_STM32CUBEIDE/rescapt/CMSIS/device" -I"/home/e2022/a2rahal/Bureau/CAN_project/WORKSPACE_RESCAPT_STM32CUBEIDE/WORKSPACE_RESCAPT_STM32CUBEIDE/rescapt/CMSIS/core" -I"/home/e2022/a2rahal/Bureau/CAN_project/WORKSPACE_RESCAPT_STM32CUBEIDE/WORKSPACE_RESCAPT_STM32CUBEIDE/rescapt/HAL_Driver/Inc" -O0 -ffunction-sections -Wall -fcommon -fstack-usage -MMD -MP -MF"src/main.d" -MT"src/main.o" --specs=nano.specs -mfloat-abi=soft -mthumb -o "src/main.o"
../src/main.c: In function 'main':
../src/main.c:191:6: warning: implicit declaration of function 'DYN_ANEMO_PRESS_callBack' [-Wimplicit-function-declaration]
  191 |      DYN_ANEMO_PRESS_callBack();
      |      ^~~~~~~~~~~~~~~~~~~~~~~~
../src/main.c:192:6: warning: implicit declaration of function 'canSendMessage' [-Wimplicit-function-declaration]
  192 |      canSendMessage();
      |      ^~~~~~~~~~~~~~
../src/main.c: At top level:
../src/main.c:220:6: warning: conflicting types for 'DYN_ANEMO_PRESS_callBack'
  220 | void DYN_ANEMO_PRESS_callBack(void){
      |      ^~~~~~~~~~~~~~~~~~~~~~~~
../src/main.c:191:6: note: previous implicit declaration of 'DYN_ANEMO_PRESS_callBack' was here
  191 |      DYN_ANEMO_PRESS_callBack();
      |      ^~~~~~~~~~~~~~~~~~~~~~~~
../src/main.c:344:6: warning: conflicting types for 'canSendMessage'
  344 | void canSendMessage(void){
      |      ^~~~~~~~~~~~~~
../src/main.c:192:6: note: previous implicit declaration of 'canSendMessage' was here
  192 |      canSendMessage();
      |      ^~~~~~~~~~~~~~
arm-none-eabi-gcc -o "rescapt.elf" @"objects.list"   -mcpu=cortex-m3 -T"/home/e2022/a2rahal/Bureau/CAN_project/WORKSPACE_RESCAPT_STM32CUBEIDE/WORKSPACE_RESCAPT_STM32CUBEIDE/rescapt/LinkerScript.ld" --specs=nosys.specs -Wl,-Map="rescapt.map" -Wl,--gc-sections -static --specs=nano.specs -mfloat-abi=soft -mthumb -u _printf_float -u _scanf_float -Wl,--start-group -lc -lm -Wl,--end-group
Finished building target: rescapt.elf
 
arm-none-eabi-size   rescapt.elf 
   text	   data	    bss	    dec	    hex	filename
  51280	    516	   2884	  54680	   d598	rescapt.elf
Finished building: default.size.stdout
 
arm-none-eabi-objdump -h -S  rescapt.elf  > "rescapt.list"
Finished building: rescapt.list
 
arm-none-eabi-objcopy  -O binary  rescapt.elf  "rescapt.bin"
Finished building: rescapt.bin
 
12:51:47 **** Incremental Build of configuration Debug for project rescapt ****
make all 
arm-none-eabi-gcc "../src/main.c" -mcpu=cortex-m3 -std=gnu11 -g3 -DSTM32 -DSTM32F1 -DSTM32F103RBTx -DNUCLEO_F103RB -DDEBUG -DSTM32F103xB -DUSE_HAL_DRIVER -c -I"/home/e2022/a2rahal/Bureau/CAN_project/WORKSPACE_RESCAPT_STM32CUBEIDE/WORKSPACE_RESCAPT_STM32CUBEIDE/rescapt/HAL_Driver/Inc/Legacy" -I"/home/e2022/a2rahal/Bureau/CAN_project/WORKSPACE_RESCAPT_STM32CUBEIDE/WORKSPACE_RESCAPT_STM32CUBEIDE/rescapt/src/vl6180x" -I"/home/e2022/a2rahal/Bureau/CAN_project/WORKSPACE_RESCAPT_STM32CUBEIDE/WORKSPACE_RESCAPT_STM32CUBEIDE/rescapt/Utilities/STM32F1xx_Nucleo" -I"/home/e2022/a2rahal/Bureau/CAN_project/WORKSPACE_RESCAPT_STM32CUBEIDE/WORKSPACE_RESCAPT_STM32CUBEIDE/rescapt/inc" -I"/home/e2022/a2rahal/Bureau/CAN_project/WORKSPACE_RESCAPT_STM32CUBEIDE/WORKSPACE_RESCAPT_STM32CUBEIDE/rescapt/CMSIS/device" -I"/home/e2022/a2rahal/Bureau/CAN_project/WORKSPACE_RESCAPT_STM32CUBEIDE/WORKSPACE_RESCAPT_STM32CUBEIDE/rescapt/CMSIS/core" -I"/home/e2022/a2rahal/Bureau/CAN_project/WORKSPACE_RESCAPT_STM32CUBEIDE/WORKSPACE_RESCAPT_STM32CUBEIDE/rescapt/HAL_Driver/Inc" -O0 -ffunction-sections -Wall -fcommon -fstack-usage -MMD -MP -MF"src/main.d" -MT"src/main.o" --specs=nano.specs -mfloat-abi=soft -mthumb -o "src/main.o"
../src/main.c: In function 'main':
../src/main.c:191:6: warning: implicit declaration of function 'DYN_ANEMO_PRESS_callBack' [-Wimplicit-function-declaration]
  191 |      DYN_ANEMO_PRESS_callBack();
      |      ^~~~~~~~~~~~~~~~~~~~~~~~
../src/main.c:192:6: warning: implicit declaration of function 'canSendMessage' [-Wimplicit-function-declaration]
  192 |      canSendMessage();
      |      ^~~~~~~~~~~~~~
../src/main.c: At top level:
../src/main.c:220:6: warning: conflicting types for 'DYN_ANEMO_PRESS_callBack'
  220 | void DYN_ANEMO_PRESS_callBack(void){
      |      ^~~~~~~~~~~~~~~~~~~~~~~~
../src/main.c:191:6: note: previous implicit declaration of 'DYN_ANEMO_PRESS_callBack' was here
  191 |      DYN_ANEMO_PRESS_callBack();
      |      ^~~~~~~~~~~~~~~~~~~~~~~~
../src/main.c:344:6: warning: conflicting types for 'canSendMessage'
  344 | void canSendMessage(void){
      |      ^~~~~~~~~~~~~~
../src/main.c:192:6: note: previous implicit declaration of 'canSendMessage' was here
  192 |      canSendMessage();
      |      ^~~~~~~~~~~~~~
arm-none-eabi-gcc -o "rescapt.elf" @"objects.list"   -mcpu=cortex-m3 -T"/home/e2022/a2rahal/Bureau/CAN_project/WORKSPACE_RESCAPT_STM32CUBEIDE/WORKSPACE_RESCAPT_STM32CUBEIDE/rescapt/LinkerScript.ld" --specs=nosys.specs -Wl,-Map="rescapt.map" -Wl,--gc-sections -static --specs=nano.specs -mfloat-abi=soft -mthumb -u _printf_float -u _scanf_float -Wl,--start-group -lc -lm -Wl,--end-group
Finished building target: rescapt.elf
 
arm-none-eabi-size   rescapt.elf 
   text	   data	    bss	    dec	    hex	filename
  51288	    516	   2884	  54688	   d5a0	rescapt.elf
Finished building: default.size.stdout
 
arm-none-eabi-objdump -h -S  rescapt.elf  > "rescapt.list"
Finished building: rescapt.list
 
arm-none-eabi-objcopy  -O binary  rescapt.elf  "rescapt.bin"
Finished building: rescapt.bin
 
12:57:10 **** Incremental Build of configuration Debug for project rescapt ****
make all 
arm-none-eabi-size   rescapt.elf 
   text	   data	    bss	    dec	    hex	filename
  51288	    516	   2884	  54688	   d5a0	rescapt.elf
Finished building: default.size.stdout
 
12:57:50 **** Incremental Build of configuration Debug for project rescapt ****
make all 
arm-none-eabi-size   rescapt.elf 
   text	   data	    bss	    dec	    hex	filename
  51288	    516	   2884	  54688	   d5a0	rescapt.elf
Finished building: default.size.stdout
 
12:59:19 **** Incremental Build of configuration Debug for project rescapt ****
make all 
arm-none-eabi-gcc "../src/main.c" -mcpu=cortex-m3 -std=gnu11 -g3 -DSTM32 -DSTM32F1 -DSTM32F103RBTx -DNUCLEO_F103RB -DDEBUG -DSTM32F103xB -DUSE_HAL_DRIVER -c -I"/home/e2022/a2rahal/Bureau/CAN_project/WORKSPACE_RESCAPT_STM32CUBEIDE/WORKSPACE_RESCAPT_STM32CUBEIDE/rescapt/HAL_Driver/Inc/Legacy" -I"/home/e2022/a2rahal/Bureau/CAN_project/WORKSPACE_RESCAPT_STM32CUBEIDE/WORKSPACE_RESCAPT_STM32CUBEIDE/rescapt/src/vl6180x" -I"/home/e2022/a2rahal/Bureau/CAN_project/WORKSPACE_RESCAPT_STM32CUBEIDE/WORKSPACE_RESCAPT_STM32CUBEIDE/rescapt/Utilities/STM32F1xx_Nucleo" -I"/home/e2022/a2rahal/Bureau/CAN_project/WORKSPACE_RESCAPT_STM32CUBEIDE/WORKSPACE_RESCAPT_STM32CUBEIDE/rescapt/inc" -I"/home/e2022/a2rahal/Bureau/CAN_project/WORKSPACE_RESCAPT_STM32CUBEIDE/WORKSPACE_RESCAPT_STM32CUBEIDE/rescapt/CMSIS/device" -I"/home/e2022/a2rahal/Bureau/CAN_project/WORKSPACE_RESCAPT_STM32CUBEIDE/WORKSPACE_RESCAPT_STM32CUBEIDE/rescapt/CMSIS/core" -I"/home/e2022/a2rahal/Bureau/CAN_project/WORKSPACE_RESCAPT_STM32CUBEIDE/WORKSPACE_RESCAPT_STM32CUBEIDE/rescapt/HAL_Driver/Inc" -O0 -ffunction-sections -Wall -fcommon -fstack-usage -MMD -MP -MF"src/main.d" -MT"src/main.o" --specs=nano.specs -mfloat-abi=soft -mthumb -o "src/main.o"
../src/main.c: In function 'main':
../src/main.c:191:6: warning: implicit declaration of function 'DYN_ANEMO_PRESS_callBack' [-Wimplicit-function-declaration]
  191 |      DYN_ANEMO_PRESS_callBack();
      |      ^~~~~~~~~~~~~~~~~~~~~~~~
../src/main.c:192:6: warning: implicit declaration of function 'canSendMessage' [-Wimplicit-function-declaration]
  192 |      canSendMessage();
      |      ^~~~~~~~~~~~~~
../src/main.c: At top level:
../src/main.c:220:6: warning: conflicting types for 'DYN_ANEMO_PRESS_callBack'
  220 | void DYN_ANEMO_PRESS_callBack(void){
      |      ^~~~~~~~~~~~~~~~~~~~~~~~
../src/main.c:191:6: note: previous implicit declaration of 'DYN_ANEMO_PRESS_callBack' was here
  191 |      DYN_ANEMO_PRESS_callBack();
      |      ^~~~~~~~~~~~~~~~~~~~~~~~
../src/main.c:344:6: warning: conflicting types for 'canSendMessage'
  344 | void canSendMessage(void){
      |      ^~~~~~~~~~~~~~
../src/main.c:192:6: note: previous implicit declaration of 'canSendMessage' was here
  192 |      canSendMessage();
      |      ^~~~~~~~~~~~~~
arm-none-eabi-gcc -o "rescapt.elf" @"objects.list"   -mcpu=cortex-m3 -T"/home/e2022/a2rahal/Bureau/CAN_project/WORKSPACE_RESCAPT_STM32CUBEIDE/WORKSPACE_RESCAPT_STM32CUBEIDE/rescapt/LinkerScript.ld" --specs=nosys.specs -Wl,-Map="rescapt.map" -Wl,--gc-sections -static --specs=nano.specs -mfloat-abi=soft -mthumb -u _printf_float -u _scanf_float -Wl,--start-group -lc -lm -Wl,--end-group
Finished building target: rescapt.elf
 
arm-none-eabi-size   rescapt.elf 
   text	   data	    bss	    dec	    hex	filename
  51440	    516	   2884	  54840	   d638	rescapt.elf
Finished building: default.size.stdout
 
arm-none-eabi-objdump -h -S  rescapt.elf  > "rescapt.list"
Finished building: rescapt.list
 
arm-none-eabi-objcopy  -O binary  rescapt.elf  "rescapt.bin"
Finished building: rescapt.bin
 
13:00:43 **** Incremental Build of configuration Debug for project rescapt ****
make all 
arm-none-eabi-gcc "../src/main.c" -mcpu=cortex-m3 -std=gnu11 -g3 -DSTM32 -DSTM32F1 -DSTM32F103RBTx -DNUCLEO_F103RB -DDEBUG -DSTM32F103xB -DUSE_HAL_DRIVER -c -I"/home/e2022/a2rahal/Bureau/CAN_project/WORKSPACE_RESCAPT_STM32CUBEIDE/WORKSPACE_RESCAPT_STM32CUBEIDE/rescapt/HAL_Driver/Inc/Legacy" -I"/home/e2022/a2rahal/Bureau/CAN_project/WORKSPACE_RESCAPT_STM32CUBEIDE/WORKSPACE_RESCAPT_STM32CUBEIDE/rescapt/src/vl6180x" -I"/home/e2022/a2rahal/Bureau/CAN_project/WORKSPACE_RESCAPT_STM32CUBEIDE/WORKSPACE_RESCAPT_STM32CUBEIDE/rescapt/Utilities/STM32F1xx_Nucleo" -I"/home/e2022/a2rahal/Bureau/CAN_project/WORKSPACE_RESCAPT_STM32CUBEIDE/WORKSPACE_RESCAPT_STM32CUBEIDE/rescapt/inc" -I"/home/e2022/a2rahal/Bureau/CAN_project/WORKSPACE_RESCAPT_STM32CUBEIDE/WORKSPACE_RESCAPT_STM32CUBEIDE/rescapt/CMSIS/device" -I"/home/e2022/a2rahal/Bureau/CAN_project/WORKSPACE_RESCAPT_STM32CUBEIDE/WORKSPACE_RESCAPT_STM32CUBEIDE/rescapt/CMSIS/core" -I"/home/e2022/a2rahal/Bureau/CAN_project/WORKSPACE_RESCAPT_STM32CUBEIDE/WORKSPACE_RESCAPT_STM32CUBEIDE/rescapt/HAL_Driver/Inc" -O0 -ffunction-sections -Wall -fcommon -fstack-usage -MMD -MP -MF"src/main.d" -MT"src/main.o" --specs=nano.specs -mfloat-abi=soft -mthumb -o "src/main.o"
../src/main.c: In function 'main':
../src/main.c:191:6: warning: implicit declaration of function 'DYN_ANEMO_PRESS_callBack' [-Wimplicit-function-declaration]
  191 |      DYN_ANEMO_PRESS_callBack();
      |      ^~~~~~~~~~~~~~~~~~~~~~~~
../src/main.c:192:6: warning: implicit declaration of function 'canSendMessage' [-Wimplicit-function-declaration]
  192 |      canSendMessage();
      |      ^~~~~~~~~~~~~~
../src/main.c: At top level:
../src/main.c:220:6: warning: conflicting types for 'DYN_ANEMO_PRESS_callBack'
  220 | void DYN_ANEMO_PRESS_callBack(void){
      |      ^~~~~~~~~~~~~~~~~~~~~~~~
../src/main.c:191:6: note: previous implicit declaration of 'DYN_ANEMO_PRESS_callBack' was here
  191 |      DYN_ANEMO_PRESS_callBack();
      |      ^~~~~~~~~~~~~~~~~~~~~~~~
../src/main.c:344:6: warning: conflicting types for 'canSendMessage'
  344 | void canSendMessage(void){
      |      ^~~~~~~~~~~~~~
../src/main.c:192:6: note: previous implicit declaration of 'canSendMessage' was here
  192 |      canSendMessage();
      |      ^~~~~~~~~~~~~~
arm-none-eabi-gcc -o "rescapt.elf" @"objects.list"   -mcpu=cortex-m3 -T"/home/e2022/a2rahal/Bureau/CAN_project/WORKSPACE_RESCAPT_STM32CUBEIDE/WORKSPACE_RESCAPT_STM32CUBEIDE/rescapt/LinkerScript.ld" --specs=nosys.specs -Wl,-Map="rescapt.map" -Wl,--gc-sections -static --specs=nano.specs -mfloat-abi=soft -mthumb -u _printf_float -u _scanf_float -Wl,--start-group -lc -lm -Wl,--end-group
Finished building target: rescapt.elf
 
arm-none-eabi-size   rescapt.elf 
   text	   data	    bss	    dec	    hex	filename
  51440	    516	   2884	  54840	   d638	rescapt.elf
Finished building: default.size.stdout
 
arm-none-eabi-objdump -h -S  rescapt.elf  > "rescapt.list"
Finished building: rescapt.list
 
arm-none-eabi-objcopy  -O binary  rescapt.elf  "rescapt.bin"
Finished building: rescapt.bin
 
13:18:34 **** Incremental Build of configuration Debug for project rescapt ****
make all 
arm-none-eabi-gcc "../src/main.c" -mcpu=cortex-m3 -std=gnu11 -g3 -DSTM32 -DSTM32F1 -DSTM32F103RBTx -DNUCLEO_F103RB -DDEBUG -DSTM32F103xB -DUSE_HAL_DRIVER -c -I"/home/e2022/a2rahal/Bureau/CAN_project/WORKSPACE_RESCAPT_STM32CUBEIDE/WORKSPACE_RESCAPT_STM32CUBEIDE/rescapt/HAL_Driver/Inc/Legacy" -I"/home/e2022/a2rahal/Bureau/CAN_project/WORKSPACE_RESCAPT_STM32CUBEIDE/WORKSPACE_RESCAPT_STM32CUBEIDE/rescapt/src/vl6180x" -I"/home/e2022/a2rahal/Bureau/CAN_project/WORKSPACE_RESCAPT_STM32CUBEIDE/WORKSPACE_RESCAPT_STM32CUBEIDE/rescapt/Utilities/STM32F1xx_Nucleo" -I"/home/e2022/a2rahal/Bureau/CAN_project/WORKSPACE_RESCAPT_STM32CUBEIDE/WORKSPACE_RESCAPT_STM32CUBEIDE/rescapt/inc" -I"/home/e2022/a2rahal/Bureau/CAN_project/WORKSPACE_RESCAPT_STM32CUBEIDE/WORKSPACE_RESCAPT_STM32CUBEIDE/rescapt/CMSIS/device" -I"/home/e2022/a2rahal/Bureau/CAN_project/WORKSPACE_RESCAPT_STM32CUBEIDE/WORKSPACE_RESCAPT_STM32CUBEIDE/rescapt/CMSIS/core" -I"/home/e2022/a2rahal/Bureau/CAN_project/WORKSPACE_RESCAPT_STM32CUBEIDE/WORKSPACE_RESCAPT_STM32CUBEIDE/rescapt/HAL_Driver/Inc" -O0 -ffunction-sections -Wall -fcommon -fstack-usage -MMD -MP -MF"src/main.d" -MT"src/main.o" --specs=nano.specs -mfloat-abi=soft -mthumb -o "src/main.o"
../src/main.c: In function 'main':
../src/main.c:191:6: warning: implicit declaration of function 'DYN_ANEMO_PRESS_callBack' [-Wimplicit-function-declaration]
  191 |      DYN_ANEMO_PRESS_callBack();
      |      ^~~~~~~~~~~~~~~~~~~~~~~~
../src/main.c:192:6: warning: implicit declaration of function 'canSendMessage' [-Wimplicit-function-declaration]
  192 |      canSendMessage();
      |      ^~~~~~~~~~~~~~
../src/main.c: At top level:
../src/main.c:220:6: warning: conflicting types for 'DYN_ANEMO_PRESS_callBack'
  220 | void DYN_ANEMO_PRESS_callBack(void){
      |      ^~~~~~~~~~~~~~~~~~~~~~~~
../src/main.c:191:6: note: previous implicit declaration of 'DYN_ANEMO_PRESS_callBack' was here
  191 |      DYN_ANEMO_PRESS_callBack();
      |      ^~~~~~~~~~~~~~~~~~~~~~~~
../src/main.c:344:6: warning: conflicting types for 'canSendMessage'
  344 | void canSendMessage(void){
      |      ^~~~~~~~~~~~~~
../src/main.c:192:6: note: previous implicit declaration of 'canSendMessage' was here
  192 |      canSendMessage();
      |      ^~~~~~~~~~~~~~
arm-none-eabi-gcc -o "rescapt.elf" @"objects.list"   -mcpu=cortex-m3 -T"/home/e2022/a2rahal/Bureau/CAN_project/WORKSPACE_RESCAPT_STM32CUBEIDE/WORKSPACE_RESCAPT_STM32CUBEIDE/rescapt/LinkerScript.ld" --specs=nosys.specs -Wl,-Map="rescapt.map" -Wl,--gc-sections -static --specs=nano.specs -mfloat-abi=soft -mthumb -u _printf_float -u _scanf_float -Wl,--start-group -lc -lm -Wl,--end-group
Finished building target: rescapt.elf
 
arm-none-eabi-size   rescapt.elf 
   text	   data	    bss	    dec	    hex	filename
  51440	    516	   2884	  54840	   d638	rescapt.elf
Finished building: default.size.stdout
 
arm-none-eabi-objdump -h -S  rescapt.elf  > "rescapt.list"
Finished building: rescapt.list
 
arm-none-eabi-objcopy  -O binary  rescapt.elf  "rescapt.bin"
Finished building: rescapt.bin
 
13:22:33 **** Incremental Build of configuration Debug for project rescapt ****
make all 
arm-none-eabi-gcc "../src/main.c" -mcpu=cortex-m3 -std=gnu11 -g3 -DSTM32 -DSTM32F1 -DSTM32F103RBTx -DNUCLEO_F103RB -DDEBUG -DSTM32F103xB -DUSE_HAL_DRIVER -c -I"/home/e2022/a2rahal/Bureau/CAN_project/WORKSPACE_RESCAPT_STM32CUBEIDE/WORKSPACE_RESCAPT_STM32CUBEIDE/rescapt/HAL_Driver/Inc/Legacy" -I"/home/e2022/a2rahal/Bureau/CAN_project/WORKSPACE_RESCAPT_STM32CUBEIDE/WORKSPACE_RESCAPT_STM32CUBEIDE/rescapt/src/vl6180x" -I"/home/e2022/a2rahal/Bureau/CAN_project/WORKSPACE_RESCAPT_STM32CUBEIDE/WORKSPACE_RESCAPT_STM32CUBEIDE/rescapt/Utilities/STM32F1xx_Nucleo" -I"/home/e2022/a2rahal/Bureau/CAN_project/WORKSPACE_RESCAPT_STM32CUBEIDE/WORKSPACE_RESCAPT_STM32CUBEIDE/rescapt/inc" -I"/home/e2022/a2rahal/Bureau/CAN_project/WORKSPACE_RESCAPT_STM32CUBEIDE/WORKSPACE_RESCAPT_STM32CUBEIDE/rescapt/CMSIS/device" -I"/home/e2022/a2rahal/Bureau/CAN_project/WORKSPACE_RESCAPT_STM32CUBEIDE/WORKSPACE_RESCAPT_STM32CUBEIDE/rescapt/CMSIS/core" -I"/home/e2022/a2rahal/Bureau/CAN_project/WORKSPACE_RESCAPT_STM32CUBEIDE/WORKSPACE_RESCAPT_STM32CUBEIDE/rescapt/HAL_Driver/Inc" -O0 -ffunction-sections -Wall -fcommon -fstack-usage -MMD -MP -MF"src/main.d" -MT"src/main.o" --specs=nano.specs -mfloat-abi=soft -mthumb -o "src/main.o"
../src/main.c: In function 'main':
../src/main.c:191:6: warning: implicit declaration of function 'DYN_ANEMO_PRESS_callBack' [-Wimplicit-function-declaration]
  191 |      DYN_ANEMO_PRESS_callBack();
      |      ^~~~~~~~~~~~~~~~~~~~~~~~
../src/main.c:192:6: warning: implicit declaration of function 'canSendMessage' [-Wimplicit-function-declaration]
  192 |      canSendMessage();
      |      ^~~~~~~~~~~~~~
../src/main.c: At top level:
../src/main.c:220:6: warning: conflicting types for 'DYN_ANEMO_PRESS_callBack'
  220 | void DYN_ANEMO_PRESS_callBack(void){
      |      ^~~~~~~~~~~~~~~~~~~~~~~~
../src/main.c:191:6: note: previous implicit declaration of 'DYN_ANEMO_PRESS_callBack' was here
  191 |      DYN_ANEMO_PRESS_callBack();
      |      ^~~~~~~~~~~~~~~~~~~~~~~~
../src/main.c:344:6: warning: conflicting types for 'canSendMessage'
  344 | void canSendMessage(void){
      |      ^~~~~~~~~~~~~~
../src/main.c:192:6: note: previous implicit declaration of 'canSendMessage' was here
  192 |      canSendMessage();
      |      ^~~~~~~~~~~~~~
arm-none-eabi-gcc -o "rescapt.elf" @"objects.list"   -mcpu=cortex-m3 -T"/home/e2022/a2rahal/Bureau/CAN_project/WORKSPACE_RESCAPT_STM32CUBEIDE/WORKSPACE_RESCAPT_STM32CUBEIDE/rescapt/LinkerScript.ld" --specs=nosys.specs -Wl,-Map="rescapt.map" -Wl,--gc-sections -static --specs=nano.specs -mfloat-abi=soft -mthumb -u _printf_float -u _scanf_float -Wl,--start-group -lc -lm -Wl,--end-group
Finished building target: rescapt.elf
 
arm-none-eabi-size   rescapt.elf 
   text	   data	    bss	    dec	    hex	filename
  51440	    516	   2884	  54840	   d638	rescapt.elf
Finished building: default.size.stdout
 
arm-none-eabi-objdump -h -S  rescapt.elf  > "rescapt.list"
Finished building: rescapt.list
 
arm-none-eabi-objcopy  -O binary  rescapt.elf  "rescapt.bin"
Finished building: rescapt.bin
 
13:32:01 **** Incremental Build of configuration Debug for project rescapt ****
make all 
arm-none-eabi-size   rescapt.elf 
   text	   data	    bss	    dec	    hex	filename
  51440	    516	   2884	  54840	   d638	rescapt.elf
Finished building: default.size.stdout
 
13:36:33 **** Incremental Build of configuration Debug for project rescapt ****
make all 
arm-none-eabi-gcc "../src/main.c" -mcpu=cortex-m3 -std=gnu11 -g3 -DSTM32 -DSTM32F1 -DSTM32F103RBTx -DNUCLEO_F103RB -DDEBUG -DSTM32F103xB -DUSE_HAL_DRIVER -c -I"/home/e2022/a2rahal/Bureau/CAN_project/WORKSPACE_RESCAPT_STM32CUBEIDE/WORKSPACE_RESCAPT_STM32CUBEIDE/rescapt/HAL_Driver/Inc/Legacy" -I"/home/e2022/a2rahal/Bureau/CAN_project/WORKSPACE_RESCAPT_STM32CUBEIDE/WORKSPACE_RESCAPT_STM32CUBEIDE/rescapt/src/vl6180x" -I"/home/e2022/a2rahal/Bureau/CAN_project/WORKSPACE_RESCAPT_STM32CUBEIDE/WORKSPACE_RESCAPT_STM32CUBEIDE/rescapt/Utilities/STM32F1xx_Nucleo" -I"/home/e2022/a2rahal/Bureau/CAN_project/WORKSPACE_RESCAPT_STM32CUBEIDE/WORKSPACE_RESCAPT_STM32CUBEIDE/rescapt/inc" -I"/home/e2022/a2rahal/Bureau/CAN_project/WORKSPACE_RESCAPT_STM32CUBEIDE/WORKSPACE_RESCAPT_STM32CUBEIDE/rescapt/CMSIS/device" -I"/home/e2022/a2rahal/Bureau/CAN_project/WORKSPACE_RESCAPT_STM32CUBEIDE/WORKSPACE_RESCAPT_STM32CUBEIDE/rescapt/CMSIS/core" -I"/home/e2022/a2rahal/Bureau/CAN_project/WORKSPACE_RESCAPT_STM32CUBEIDE/WORKSPACE_RESCAPT_STM32CUBEIDE/rescapt/HAL_Driver/Inc" -O0 -ffunction-sections -Wall -fcommon -fstack-usage -MMD -MP -MF"src/main.d" -MT"src/main.o" --specs=nano.specs -mfloat-abi=soft -mthumb -o "src/main.o"
../src/main.c: In function 'main':
../src/main.c:191:6: warning: implicit declaration of function 'DYN_ANEMO_PRESS_callBack' [-Wimplicit-function-declaration]
  191 |      DYN_ANEMO_PRESS_callBack();
      |      ^~~~~~~~~~~~~~~~~~~~~~~~
../src/main.c:192:6: warning: implicit declaration of function 'canSendMessage' [-Wimplicit-function-declaration]
  192 |      canSendMessage();
      |      ^~~~~~~~~~~~~~
../src/main.c: At top level:
../src/main.c:220:6: warning: conflicting types for 'DYN_ANEMO_PRESS_callBack'
  220 | void DYN_ANEMO_PRESS_callBack(void){
      |      ^~~~~~~~~~~~~~~~~~~~~~~~
../src/main.c:191:6: note: previous implicit declaration of 'DYN_ANEMO_PRESS_callBack' was here
  191 |      DYN_ANEMO_PRESS_callBack();
      |      ^~~~~~~~~~~~~~~~~~~~~~~~
../src/main.c: In function 'DYN_ANEMO_PRESS_callBack':
../src/main.c:229:5: warning: suggest parentheses around assignment used as truth value [-Wparentheses]
  229 |  if(motorState = 1){
      |     ^~~~~~~~~~
../src/main.c: At top level:
../src/main.c:352:6: warning: conflicting types for 'canSendMessage'
  352 | void canSendMessage(void){
      |      ^~~~~~~~~~~~~~
../src/main.c:192:6: note: previous implicit declaration of 'canSendMessage' was here
  192 |      canSendMessage();
      |      ^~~~~~~~~~~~~~
arm-none-eabi-gcc -o "rescapt.elf" @"objects.list"   -mcpu=cortex-m3 -T"/home/e2022/a2rahal/Bureau/CAN_project/WORKSPACE_RESCAPT_STM32CUBEIDE/WORKSPACE_RESCAPT_STM32CUBEIDE/rescapt/LinkerScript.ld" --specs=nosys.specs -Wl,-Map="rescapt.map" -Wl,--gc-sections -static --specs=nano.specs -mfloat-abi=soft -mthumb -u _printf_float -u _scanf_float -Wl,--start-group -lc -lm -Wl,--end-group
Finished building target: rescapt.elf
 
arm-none-eabi-size   rescapt.elf 
   text	   data	    bss	    dec	    hex	filename
  51464	    516	   2884	  54864	   d650	rescapt.elf
Finished building: default.size.stdout
 
arm-none-eabi-objdump -h -S  rescapt.elf  > "rescapt.list"
Finished building: rescapt.list
 
arm-none-eabi-objcopy  -O binary  rescapt.elf  "rescapt.bin"
Finished building: rescapt.bin
 
13:39:34 **** Incremental Build of configuration Debug for project rescapt ****
make all 
arm-none-eabi-gcc "../src/main.c" -mcpu=cortex-m3 -std=gnu11 -g3 -DSTM32 -DSTM32F1 -DSTM32F103RBTx -DNUCLEO_F103RB -DDEBUG -DSTM32F103xB -DUSE_HAL_DRIVER -c -I"/home/e2022/a2rahal/Bureau/CAN_project/WORKSPACE_RESCAPT_STM32CUBEIDE/WORKSPACE_RESCAPT_STM32CUBEIDE/rescapt/HAL_Driver/Inc/Legacy" -I"/home/e2022/a2rahal/Bureau/CAN_project/WORKSPACE_RESCAPT_STM32CUBEIDE/WORKSPACE_RESCAPT_STM32CUBEIDE/rescapt/src/vl6180x" -I"/home/e2022/a2rahal/Bureau/CAN_project/WORKSPACE_RESCAPT_STM32CUBEIDE/WORKSPACE_RESCAPT_STM32CUBEIDE/rescapt/Utilities/STM32F1xx_Nucleo" -I"/home/e2022/a2rahal/Bureau/CAN_project/WORKSPACE_RESCAPT_STM32CUBEIDE/WORKSPACE_RESCAPT_STM32CUBEIDE/rescapt/inc" -I"/home/e2022/a2rahal/Bureau/CAN_project/WORKSPACE_RESCAPT_STM32CUBEIDE/WORKSPACE_RESCAPT_STM32CUBEIDE/rescapt/CMSIS/device" -I"/home/e2022/a2rahal/Bureau/CAN_project/WORKSPACE_RESCAPT_STM32CUBEIDE/WORKSPACE_RESCAPT_STM32CUBEIDE/rescapt/CMSIS/core" -I"/home/e2022/a2rahal/Bureau/CAN_project/WORKSPACE_RESCAPT_STM32CUBEIDE/WORKSPACE_RESCAPT_STM32CUBEIDE/rescapt/HAL_Driver/Inc" -O0 -ffunction-sections -Wall -fcommon -fstack-usage -MMD -MP -MF"src/main.d" -MT"src/main.o" --specs=nano.specs -mfloat-abi=soft -mthumb -o "src/main.o"
../src/main.c: In function 'main':
../src/main.c:191:6: warning: implicit declaration of function 'DYN_ANEMO_PRESS_callBack' [-Wimplicit-function-declaration]
  191 |      DYN_ANEMO_PRESS_callBack();
      |      ^~~~~~~~~~~~~~~~~~~~~~~~
../src/main.c:192:6: warning: implicit declaration of function 'canSendMessage' [-Wimplicit-function-declaration]
  192 |      canSendMessage();
      |      ^~~~~~~~~~~~~~
../src/main.c: At top level:
../src/main.c:220:6: warning: conflicting types for 'DYN_ANEMO_PRESS_callBack'
  220 | void DYN_ANEMO_PRESS_callBack(void){
      |      ^~~~~~~~~~~~~~~~~~~~~~~~
../src/main.c:191:6: note: previous implicit declaration of 'DYN_ANEMO_PRESS_callBack' was here
  191 |      DYN_ANEMO_PRESS_callBack();
      |      ^~~~~~~~~~~~~~~~~~~~~~~~
../src/main.c:352:6: warning: conflicting types for 'canSendMessage'
  352 | void canSendMessage(void){
      |      ^~~~~~~~~~~~~~
../src/main.c:192:6: note: previous implicit declaration of 'canSendMessage' was here
  192 |      canSendMessage();
      |      ^~~~~~~~~~~~~~
arm-none-eabi-gcc -o "rescapt.elf" @"objects.list"   -mcpu=cortex-m3 -T"/home/e2022/a2rahal/Bureau/CAN_project/WORKSPACE_RESCAPT_STM32CUBEIDE/WORKSPACE_RESCAPT_STM32CUBEIDE/rescapt/LinkerScript.ld" --specs=nosys.specs -Wl,-Map="rescapt.map" -Wl,--gc-sections -static --specs=nano.specs -mfloat-abi=soft -mthumb -u _printf_float -u _scanf_float -Wl,--start-group -lc -lm -Wl,--end-group
Finished building target: rescapt.elf
 
arm-none-eabi-size   rescapt.elf 
   text	   data	    bss	    dec	    hex	filename
  51416	    516	   2884	  54816	   d620	rescapt.elf
Finished building: default.size.stdout
 
arm-none-eabi-objdump -h -S  rescapt.elf  > "rescapt.list"
Finished building: rescapt.list
 
arm-none-eabi-objcopy  -O binary  rescapt.elf  "rescapt.bin"
Finished building: rescapt.bin
 
13:42:49 **** Incremental Build of configuration Debug for project rescapt ****
make all 
arm-none-eabi-size   rescapt.elf 
   text	   data	    bss	    dec	    hex	filename
  51416	    516	   2884	  54816	   d620	rescapt.elf
Finished building: default.size.stdout
 
13:49:11 **** Incremental Build of configuration Debug for project rescapt ****
make all 
arm-none-eabi-gcc "../src/main.c" -mcpu=cortex-m3 -std=gnu11 -g3 -DSTM32 -DSTM32F1 -DSTM32F103RBTx -DNUCLEO_F103RB -DDEBUG -DSTM32F103xB -DUSE_HAL_DRIVER -c -I"/home/e2022/a2rahal/Bureau/CAN_project/WORKSPACE_RESCAPT_STM32CUBEIDE/WORKSPACE_RESCAPT_STM32CUBEIDE/rescapt/HAL_Driver/Inc/Legacy" -I"/home/e2022/a2rahal/Bureau/CAN_project/WORKSPACE_RESCAPT_STM32CUBEIDE/WORKSPACE_RESCAPT_STM32CUBEIDE/rescapt/src/vl6180x" -I"/home/e2022/a2rahal/Bureau/CAN_project/WORKSPACE_RESCAPT_STM32CUBEIDE/WORKSPACE_RESCAPT_STM32CUBEIDE/rescapt/Utilities/STM32F1xx_Nucleo" -I"/home/e2022/a2rahal/Bureau/CAN_project/WORKSPACE_RESCAPT_STM32CUBEIDE/WORKSPACE_RESCAPT_STM32CUBEIDE/rescapt/inc" -I"/home/e2022/a2rahal/Bureau/CAN_project/WORKSPACE_RESCAPT_STM32CUBEIDE/WORKSPACE_RESCAPT_STM32CUBEIDE/rescapt/CMSIS/device" -I"/home/e2022/a2rahal/Bureau/CAN_project/WORKSPACE_RESCAPT_STM32CUBEIDE/WORKSPACE_RESCAPT_STM32CUBEIDE/rescapt/CMSIS/core" -I"/home/e2022/a2rahal/Bureau/CAN_project/WORKSPACE_RESCAPT_STM32CUBEIDE/WORKSPACE_RESCAPT_STM32CUBEIDE/rescapt/HAL_Driver/Inc" -O0 -ffunction-sections -Wall -fcommon -fstack-usage -MMD -MP -MF"src/main.d" -MT"src/main.o" --specs=nano.specs -mfloat-abi=soft -mthumb -o "src/main.o"
../src/main.c: In function 'main':
../src/main.c:191:6: warning: implicit declaration of function 'DYN_ANEMO_PRESS_callBack' [-Wimplicit-function-declaration]
  191 |      DYN_ANEMO_PRESS_callBack();
      |      ^~~~~~~~~~~~~~~~~~~~~~~~
../src/main.c:192:6: warning: implicit declaration of function 'canSendMessage' [-Wimplicit-function-declaration]
  192 |      canSendMessage();
      |      ^~~~~~~~~~~~~~
../src/main.c: At top level:
../src/main.c:220:6: warning: conflicting types for 'DYN_ANEMO_PRESS_callBack'
  220 | void DYN_ANEMO_PRESS_callBack(void){
      |      ^~~~~~~~~~~~~~~~~~~~~~~~
../src/main.c:191:6: note: previous implicit declaration of 'DYN_ANEMO_PRESS_callBack' was here
  191 |      DYN_ANEMO_PRESS_callBack();
      |      ^~~~~~~~~~~~~~~~~~~~~~~~
../src/main.c:350:6: warning: conflicting types for 'canSendMessage'
  350 | void canSendMessage(void){
      |      ^~~~~~~~~~~~~~
../src/main.c:192:6: note: previous implicit declaration of 'canSendMessage' was here
  192 |      canSendMessage();
      |      ^~~~~~~~~~~~~~
arm-none-eabi-gcc -o "rescapt.elf" @"objects.list"   -mcpu=cortex-m3 -T"/home/e2022/a2rahal/Bureau/CAN_project/WORKSPACE_RESCAPT_STM32CUBEIDE/WORKSPACE_RESCAPT_STM32CUBEIDE/rescapt/LinkerScript.ld" --specs=nosys.specs -Wl,-Map="rescapt.map" -Wl,--gc-sections -static --specs=nano.specs -mfloat-abi=soft -mthumb -u _printf_float -u _scanf_float -Wl,--start-group -lc -lm -Wl,--end-group
Finished building target: rescapt.elf
 
arm-none-eabi-size   rescapt.elf 
   text	   data	    bss	    dec	    hex	filename
  51440	    516	   2884	  54840	   d638	rescapt.elf
Finished building: default.size.stdout
 
arm-none-eabi-objdump -h -S  rescapt.elf  > "rescapt.list"
Finished building: rescapt.list
 
arm-none-eabi-objcopy  -O binary  rescapt.elf  "rescapt.bin"
Finished building: rescapt.bin
 
13:54:15 **** Incremental Build of configuration Debug for project rescapt ****
make all 
arm-none-eabi-gcc "../src/main.c" -mcpu=cortex-m3 -std=gnu11 -g3 -DSTM32 -DSTM32F1 -DSTM32F103RBTx -DNUCLEO_F103RB -DDEBUG -DSTM32F103xB -DUSE_HAL_DRIVER -c -I"/home/e2022/a2rahal/Bureau/CAN_project/WORKSPACE_RESCAPT_STM32CUBEIDE/WORKSPACE_RESCAPT_STM32CUBEIDE/rescapt/HAL_Driver/Inc/Legacy" -I"/home/e2022/a2rahal/Bureau/CAN_project/WORKSPACE_RESCAPT_STM32CUBEIDE/WORKSPACE_RESCAPT_STM32CUBEIDE/rescapt/src/vl6180x" -I"/home/e2022/a2rahal/Bureau/CAN_project/WORKSPACE_RESCAPT_STM32CUBEIDE/WORKSPACE_RESCAPT_STM32CUBEIDE/rescapt/Utilities/STM32F1xx_Nucleo" -I"/home/e2022/a2rahal/Bureau/CAN_project/WORKSPACE_RESCAPT_STM32CUBEIDE/WORKSPACE_RESCAPT_STM32CUBEIDE/rescapt/inc" -I"/home/e2022/a2rahal/Bureau/CAN_project/WORKSPACE_RESCAPT_STM32CUBEIDE/WORKSPACE_RESCAPT_STM32CUBEIDE/rescapt/CMSIS/device" -I"/home/e2022/a2rahal/Bureau/CAN_project/WORKSPACE_RESCAPT_STM32CUBEIDE/WORKSPACE_RESCAPT_STM32CUBEIDE/rescapt/CMSIS/core" -I"/home/e2022/a2rahal/Bureau/CAN_project/WORKSPACE_RESCAPT_STM32CUBEIDE/WORKSPACE_RESCAPT_STM32CUBEIDE/rescapt/HAL_Driver/Inc" -O0 -ffunction-sections -Wall -fcommon -fstack-usage -MMD -MP -MF"src/main.d" -MT"src/main.o" --specs=nano.specs -mfloat-abi=soft -mthumb -o "src/main.o"
../src/main.c: In function 'main':
../src/main.c:191:6: warning: implicit declaration of function 'DYN_ANEMO_PRESS_callBack' [-Wimplicit-function-declaration]
  191 |      DYN_ANEMO_PRESS_callBack();
      |      ^~~~~~~~~~~~~~~~~~~~~~~~
../src/main.c:192:6: warning: implicit declaration of function 'canSendMessage' [-Wimplicit-function-declaration]
  192 |      canSendMessage();
      |      ^~~~~~~~~~~~~~
../src/main.c: At top level:
../src/main.c:220:6: warning: conflicting types for 'DYN_ANEMO_PRESS_callBack'
  220 | void DYN_ANEMO_PRESS_callBack(void){
      |      ^~~~~~~~~~~~~~~~~~~~~~~~
../src/main.c:191:6: note: previous implicit declaration of 'DYN_ANEMO_PRESS_callBack' was here
  191 |      DYN_ANEMO_PRESS_callBack();
      |      ^~~~~~~~~~~~~~~~~~~~~~~~
../src/main.c:350:6: warning: conflicting types for 'canSendMessage'
  350 | void canSendMessage(void){
      |      ^~~~~~~~~~~~~~
../src/main.c:192:6: note: previous implicit declaration of 'canSendMessage' was here
  192 |      canSendMessage();
      |      ^~~~~~~~~~~~~~
arm-none-eabi-gcc -o "rescapt.elf" @"objects.list"   -mcpu=cortex-m3 -T"/home/e2022/a2rahal/Bureau/CAN_project/WORKSPACE_RESCAPT_STM32CUBEIDE/WORKSPACE_RESCAPT_STM32CUBEIDE/rescapt/LinkerScript.ld" --specs=nosys.specs -Wl,-Map="rescapt.map" -Wl,--gc-sections -static --specs=nano.specs -mfloat-abi=soft -mthumb -u _printf_float -u _scanf_float -Wl,--start-group -lc -lm -Wl,--end-group
Finished building target: rescapt.elf
 
arm-none-eabi-size   rescapt.elf 
   text	   data	    bss	    dec	    hex	filename
  51432	    516	   2884	  54832	   d630	rescapt.elf
Finished building: default.size.stdout
 
arm-none-eabi-objdump -h -S  rescapt.elf  > "rescapt.list"
Finished building: rescapt.list
 
arm-none-eabi-objcopy  -O binary  rescapt.elf  "rescapt.bin"
Finished building: rescapt.bin
 
14:00:26 **** Incremental Build of configuration Debug for project rescapt ****
make all 
arm-none-eabi-gcc "../src/main.c" -mcpu=cortex-m3 -std=gnu11 -g3 -DSTM32 -DSTM32F1 -DSTM32F103RBTx -DNUCLEO_F103RB -DDEBUG -DSTM32F103xB -DUSE_HAL_DRIVER -c -I"/home/e2022/a2rahal/Bureau/CAN_project/WORKSPACE_RESCAPT_STM32CUBEIDE/WORKSPACE_RESCAPT_STM32CUBEIDE/rescapt/HAL_Driver/Inc/Legacy" -I"/home/e2022/a2rahal/Bureau/CAN_project/WORKSPACE_RESCAPT_STM32CUBEIDE/WORKSPACE_RESCAPT_STM32CUBEIDE/rescapt/src/vl6180x" -I"/home/e2022/a2rahal/Bureau/CAN_project/WORKSPACE_RESCAPT_STM32CUBEIDE/WORKSPACE_RESCAPT_STM32CUBEIDE/rescapt/Utilities/STM32F1xx_Nucleo" -I"/home/e2022/a2rahal/Bureau/CAN_project/WORKSPACE_RESCAPT_STM32CUBEIDE/WORKSPACE_RESCAPT_STM32CUBEIDE/rescapt/inc" -I"/home/e2022/a2rahal/Bureau/CAN_project/WORKSPACE_RESCAPT_STM32CUBEIDE/WORKSPACE_RESCAPT_STM32CUBEIDE/rescapt/CMSIS/device" -I"/home/e2022/a2rahal/Bureau/CAN_project/WORKSPACE_RESCAPT_STM32CUBEIDE/WORKSPACE_RESCAPT_STM32CUBEIDE/rescapt/CMSIS/core" -I"/home/e2022/a2rahal/Bureau/CAN_project/WORKSPACE_RESCAPT_STM32CUBEIDE/WORKSPACE_RESCAPT_STM32CUBEIDE/rescapt/HAL_Driver/Inc" -O0 -ffunction-sections -Wall -fcommon -fstack-usage -MMD -MP -MF"src/main.d" -MT"src/main.o" --specs=nano.specs -mfloat-abi=soft -mthumb -o "src/main.o"
../src/main.c: In function 'main':
../src/main.c:191:6: warning: implicit declaration of function 'DYN_ANEMO_PRESS_callBack' [-Wimplicit-function-declaration]
  191 |      DYN_ANEMO_PRESS_callBack();
      |      ^~~~~~~~~~~~~~~~~~~~~~~~
../src/main.c:192:6: warning: implicit declaration of function 'canSendMessage' [-Wimplicit-function-declaration]
  192 |      canSendMessage();
      |      ^~~~~~~~~~~~~~
../src/main.c: At top level:
../src/main.c:220:6: warning: conflicting types for 'DYN_ANEMO_PRESS_callBack'
  220 | void DYN_ANEMO_PRESS_callBack(void){
      |      ^~~~~~~~~~~~~~~~~~~~~~~~
../src/main.c:191:6: note: previous implicit declaration of 'DYN_ANEMO_PRESS_callBack' was here
  191 |      DYN_ANEMO_PRESS_callBack();
      |      ^~~~~~~~~~~~~~~~~~~~~~~~
../src/main.c:350:6: warning: conflicting types for 'canSendMessage'
  350 | void canSendMessage(void){
      |      ^~~~~~~~~~~~~~
../src/main.c:192:6: note: previous implicit declaration of 'canSendMessage' was here
  192 |      canSendMessage();
      |      ^~~~~~~~~~~~~~
arm-none-eabi-gcc -o "rescapt.elf" @"objects.list"   -mcpu=cortex-m3 -T"/home/e2022/a2rahal/Bureau/CAN_project/WORKSPACE_RESCAPT_STM32CUBEIDE/WORKSPACE_RESCAPT_STM32CUBEIDE/rescapt/LinkerScript.ld" --specs=nosys.specs -Wl,-Map="rescapt.map" -Wl,--gc-sections -static --specs=nano.specs -mfloat-abi=soft -mthumb -u _printf_float -u _scanf_float -Wl,--start-group -lc -lm -Wl,--end-group
Finished building target: rescapt.elf
 
arm-none-eabi-size   rescapt.elf 
   text	   data	    bss	    dec	    hex	filename
  47408	    496	   2888	  50792	   c668	rescapt.elf
Finished building: default.size.stdout
 
arm-none-eabi-objdump -h -S  rescapt.elf  > "rescapt.list"
Finished building: rescapt.list
 
arm-none-eabi-objcopy  -O binary  rescapt.elf  "rescapt.bin"
Finished building: rescapt.bin
 
14:10:57 **** Incremental Build of configuration Debug for project rescapt ****
make all 
arm-none-eabi-size   rescapt.elf 
   text	   data	    bss	    dec	    hex	filename
  47408	    496	   2888	  50792	   c668	rescapt.elf
Finished building: default.size.stdout
 
14:12:22 **** Incremental Build of configuration Debug for project rescapt ****
make all 
arm-none-eabi-gcc "../src/main.c" -mcpu=cortex-m3 -std=gnu11 -g3 -DSTM32 -DSTM32F1 -DSTM32F103RBTx -DNUCLEO_F103RB -DDEBUG -DSTM32F103xB -DUSE_HAL_DRIVER -c -I"/home/e2022/a2rahal/Bureau/CAN_project/WORKSPACE_RESCAPT_STM32CUBEIDE/WORKSPACE_RESCAPT_STM32CUBEIDE/rescapt/HAL_Driver/Inc/Legacy" -I"/home/e2022/a2rahal/Bureau/CAN_project/WORKSPACE_RESCAPT_STM32CUBEIDE/WORKSPACE_RESCAPT_STM32CUBEIDE/rescapt/src/vl6180x" -I"/home/e2022/a2rahal/Bureau/CAN_project/WORKSPACE_RESCAPT_STM32CUBEIDE/WORKSPACE_RESCAPT_STM32CUBEIDE/rescapt/Utilities/STM32F1xx_Nucleo" -I"/home/e2022/a2rahal/Bureau/CAN_project/WORKSPACE_RESCAPT_STM32CUBEIDE/WORKSPACE_RESCAPT_STM32CUBEIDE/rescapt/inc" -I"/home/e2022/a2rahal/Bureau/CAN_project/WORKSPACE_RESCAPT_STM32CUBEIDE/WORKSPACE_RESCAPT_STM32CUBEIDE/rescapt/CMSIS/device" -I"/home/e2022/a2rahal/Bureau/CAN_project/WORKSPACE_RESCAPT_STM32CUBEIDE/WORKSPACE_RESCAPT_STM32CUBEIDE/rescapt/CMSIS/core" -I"/home/e2022/a2rahal/Bureau/CAN_project/WORKSPACE_RESCAPT_STM32CUBEIDE/WORKSPACE_RESCAPT_STM32CUBEIDE/rescapt/HAL_Driver/Inc" -O0 -ffunction-sections -Wall -fcommon -fstack-usage -MMD -MP -MF"src/main.d" -MT"src/main.o" --specs=nano.specs -mfloat-abi=soft -mthumb -o "src/main.o"
../src/main.c: In function 'main':
../src/main.c:110:5: warning: implicit declaration of function 'hts221_activate' [-Wimplicit-function-declaration]
  110 |     hts221_activate();
      |     ^~~~~~~~~~~~~~~
../src/main.c:111:5: warning: implicit declaration of function 'hts221_storeCalibration' [-Wimplicit-function-declaration]
  111 |     hts221_storeCalibration();
      |     ^~~~~~~~~~~~~~~~~~~~~~~
../src/main.c:112:13: warning: implicit declaration of function 'lps25hb_whoAmI' [-Wimplicit-function-declaration]
  112 |     idLPS = lps25hb_whoAmI();
      |             ^~~~~~~~~~~~~~
../src/main.c:113:5: warning: implicit declaration of function 'lps25hb_setup' [-Wimplicit-function-declaration]
  113 |     lps25hb_setup();
      |     ^~~~~~~~~~~~~
../src/main.c:114:13: warning: implicit declaration of function 'hts221_whoAmI' [-Wimplicit-function-declaration]
  114 |     idHTS = hts221_whoAmI();
      |             ^~~~~~~~~~~~~
../src/main.c:198:2: warning: implicit declaration of function 'light_distance_callBack' [-Wimplicit-function-declaration]
  198 |  light_distance_callBack();
      |  ^~~~~~~~~~~~~~~~~~~~~~~
../src/main.c:199:2: warning: implicit declaration of function 'PTH_callBack'; did you mean 'can_callback'? [-Wimplicit-function-declaration]
  199 |  PTH_callBack();
      |  ^~~~~~~~~~~~
      |  can_callback
../src/main.c:200:2: warning: implicit declaration of function 'canSendMessage' [-Wimplicit-function-declaration]
  200 |  canSendMessage();
      |  ^~~~~~~~~~~~~~
../src/main.c:108:17: warning: variable 'idHTS' set but not used [-Wunused-but-set-variable]
  108 |  uint8_t idLPS, idHTS;
      |                 ^~~~~
../src/main.c:108:10: warning: variable 'idLPS' set but not used [-Wunused-but-set-variable]
  108 |  uint8_t idLPS, idHTS;
      |          ^~~~~
../src/main.c: At top level:
../src/main.c:311:6: warning: conflicting types for 'light_distance_callBack'
  311 | void light_distance_callBack(void){
      |      ^~~~~~~~~~~~~~~~~~~~~~~
../src/main.c:198:2: note: previous implicit declaration of 'light_distance_callBack' was here
  198 |  light_distance_callBack();
      |  ^~~~~~~~~~~~~~~~~~~~~~~
../src/main.c:329:6: warning: conflicting types for 'PTH_callBack'
  329 | void PTH_callBack(void){
      |      ^~~~~~~~~~~~
../src/main.c:199:2: note: previous implicit declaration of 'PTH_callBack' was here
  199 |  PTH_callBack();
      |  ^~~~~~~~~~~~
../src/main.c: In function 'PTH_callBack':
../src/main.c:332:11: warning: implicit declaration of function 'lps25hb_getPressure' [-Wimplicit-function-declaration]
  332 |  succes = lps25hb_getPressure(&pressure);
      |           ^~~~~~~~~~~~~~~~~~~
../src/main.c:333:14: warning: implicit declaration of function 'lps25hb_getTemperature' [-Wimplicit-function-declaration]
  333 |     succes = lps25hb_getTemperature(&temp_lps25hb);
      |              ^~~~~~~~~~~~~~~~~~~~~~
../src/main.c:334:11: warning: implicit declaration of function 'hts221_getTemperature' [-Wimplicit-function-declaration]
  334 |  succes = hts221_getTemperature(&temp_hts221);
      |           ^~~~~~~~~~~~~~~~~~~~~
../src/main.c:335:11: warning: implicit declaration of function 'hts221_getHumidity' [-Wimplicit-function-declaration]
  335 |  succes = hts221_getHumidity(&humidity);
      |           ^~~~~~~~~~~~~~~~~~
../src/main.c: At top level:
../src/main.c:350:6: warning: conflicting types for 'canSendMessage'
  350 | void canSendMessage(void){
      |      ^~~~~~~~~~~~~~
../src/main.c:200:2: note: previous implicit declaration of 'canSendMessage' was here
  200 |  canSendMessage();
      |  ^~~~~~~~~~~~~~
arm-none-eabi-gcc -o "rescapt.elf" @"objects.list"   -mcpu=cortex-m3 -T"/home/e2022/a2rahal/Bureau/CAN_project/WORKSPACE_RESCAPT_STM32CUBEIDE/WORKSPACE_RESCAPT_STM32CUBEIDE/rescapt/LinkerScript.ld" --specs=nosys.specs -Wl,-Map="rescapt.map" -Wl,--gc-sections -static --specs=nano.specs -mfloat-abi=soft -mthumb -u _printf_float -u _scanf_float -Wl,--start-group -lc -lm -Wl,--end-group
Finished building target: rescapt.elf
 
arm-none-eabi-size   rescapt.elf 
   text	   data	    bss	    dec	    hex	filename
  69416	    760	   2968	  73144	  11db8	rescapt.elf
Finished building: default.size.stdout
 
arm-none-eabi-objdump -h -S  rescapt.elf  > "rescapt.list"
Finished building: rescapt.list
 
arm-none-eabi-objcopy  -O binary  rescapt.elf  "rescapt.bin"
Finished building: rescapt.bin
 
14:13:04 **** Incremental Build of configuration Debug for project rescapt ****
make all 
arm-none-eabi-size   rescapt.elf 
   text	   data	    bss	    dec	    hex	filename
  69416	    760	   2968	  73144	  11db8	rescapt.elf
Finished building: default.size.stdout
 
14:13:47 **** Incremental Build of configuration Debug for project rescapt ****
make all 
arm-none-eabi-gcc "../src/main.c" -mcpu=cortex-m3 -std=gnu11 -g3 -DSTM32 -DSTM32F1 -DSTM32F103RBTx -DNUCLEO_F103RB -DDEBUG -DSTM32F103xB -DUSE_HAL_DRIVER -c -I"/home/e2022/a2rahal/Bureau/CAN_project/WORKSPACE_RESCAPT_STM32CUBEIDE/WORKSPACE_RESCAPT_STM32CUBEIDE/rescapt/HAL_Driver/Inc/Legacy" -I"/home/e2022/a2rahal/Bureau/CAN_project/WORKSPACE_RESCAPT_STM32CUBEIDE/WORKSPACE_RESCAPT_STM32CUBEIDE/rescapt/src/vl6180x" -I"/home/e2022/a2rahal/Bureau/CAN_project/WORKSPACE_RESCAPT_STM32CUBEIDE/WORKSPACE_RESCAPT_STM32CUBEIDE/rescapt/Utilities/STM32F1xx_Nucleo" -I"/home/e2022/a2rahal/Bureau/CAN_project/WORKSPACE_RESCAPT_STM32CUBEIDE/WORKSPACE_RESCAPT_STM32CUBEIDE/rescapt/inc" -I"/home/e2022/a2rahal/Bureau/CAN_project/WORKSPACE_RESCAPT_STM32CUBEIDE/WORKSPACE_RESCAPT_STM32CUBEIDE/rescapt/CMSIS/device" -I"/home/e2022/a2rahal/Bureau/CAN_project/WORKSPACE_RESCAPT_STM32CUBEIDE/WORKSPACE_RESCAPT_STM32CUBEIDE/rescapt/CMSIS/core" -I"/home/e2022/a2rahal/Bureau/CAN_project/WORKSPACE_RESCAPT_STM32CUBEIDE/WORKSPACE_RESCAPT_STM32CUBEIDE/rescapt/HAL_Driver/Inc" -O0 -ffunction-sections -Wall -fcommon -fstack-usage -MMD -MP -MF"src/main.d" -MT"src/main.o" --specs=nano.specs -mfloat-abi=soft -mthumb -o "src/main.o"
../src/main.c: In function 'main':
../src/main.c:209:5: warning: implicit declaration of function 'MPU9250_callBack' [-Wimplicit-function-declaration]
  209 |     MPU9250_callBack();
      |     ^~~~~~~~~~~~~~~~
../src/main.c:210:5: warning: implicit declaration of function 'canSendMessage' [-Wimplicit-function-declaration]
  210 |     canSendMessage();
      |     ^~~~~~~~~~~~~~
../src/main.c:136:13: warning: variable 'response' set but not used [-Wunused-but-set-variable]
  136 |     uint8_t response=0;
      |             ^~~~~~~~
../src/main.c: At top level:
../src/main.c:258:6: warning: conflicting types for 'MPU9250_callBack'
  258 | void MPU9250_callBack(void){
      |      ^~~~~~~~~~~~~~~~
../src/main.c:209:5: note: previous implicit declaration of 'MPU9250_callBack' was here
  209 |     MPU9250_callBack();
      |     ^~~~~~~~~~~~~~~~
../src/main.c: In function 'MPU9250_callBack':
../src/main.c:266:23: error: void value not ignored as it ought to be
  266 |  ay = accelOutput[1] *dxl_setGoalVelocity(1, 140); (4.0f / 32768.0f);
      |                       ^~~~~~~~~~~~~~~~~~~~~~~~~~~
../src/main.c:266:52: warning: statement with no effect [-Wunused-value]
  266 |  ay = accelOutput[1] *dxl_setGoalVelocity(1, 140); (4.0f / 32768.0f);
      |                                                    ^
../src/main.c:284:15: warning: implicit declaration of function 'rotationMdxl_setGoalVelocity'; did you mean 'dxl_setGoalVelocity'? [-Wimplicit-function-declaration]
  284 |  psi = atan2f(rotationMdxl_setGoalVelocity(1, 140);atrix[0], rotationMatrix[1]);
      |               ^~~~~~~~~~~~~~~~~~~~~~~~~~~~
      |               dxl_setGoalVelocity
../src/main.c:284:51: error: expected ')' before ';' token
  284 |  psi = atan2f(rotationMdxl_setGoalVelocity(1, 140);atrix[0], rotationMatrix[1]);
      |                                                   ^
      |                                                   )
../src/main.c:284:8: error: too few arguments to function 'atan2f'
  284 |  psi = atan2f(rotationMdxl_setGoalVelocity(1, 140);atrix[0], rotationMatrix[1]);
      |        ^~~~~~
In file included from ../src/MadgwickAHRS.h:17,
                 from ../src/main.c:2:
/local/st/stm32cubeide_1.9.0/plugins/com.st.stm32cube.ide.mcu.externaltools.gnu-tools-for-stm32.10.3-2021.10.linux64_1.0.0.202111181127/tools/arm-none-eabi/include/math.h:368:14: note: declared here
  368 | extern float atan2f (float, float);
      |              ^~~~~~
../src/main.c: At top level:
../src/main.c:350:6: warning: conflicting types for 'canSendMessage'
  350 | void canSendMessage(void){
      |      ^~~~~~~~~~~~~~
../src/main.c:210:5: note: previous implicit declaration of 'canSendMessage' was here
  210 |     canSendMessage();
      |     ^~~~~~~~~~~~~~
make: *** [src/subdir.mk:70: src/main.o] Error 1
"make all" terminated with exit code 2. Build might be incomplete.
14:14:32 **** Incremental Build of configuration Debug for project rescapt ****
make all 
arm-none-eabi-gcc "../src/main.c" -mcpu=cortex-m3 -std=gnu11 -g3 -DSTM32 -DSTM32F1 -DSTM32F103RBTx -DNUCLEO_F103RB -DDEBUG -DSTM32F103xB -DUSE_HAL_DRIVER -c -I"/home/e2022/a2rahal/Bureau/CAN_project/WORKSPACE_RESCAPT_STM32CUBEIDE/WORKSPACE_RESCAPT_STM32CUBEIDE/rescapt/HAL_Driver/Inc/Legacy" -I"/home/e2022/a2rahal/Bureau/CAN_project/WORKSPACE_RESCAPT_STM32CUBEIDE/WORKSPACE_RESCAPT_STM32CUBEIDE/rescapt/src/vl6180x" -I"/home/e2022/a2rahal/Bureau/CAN_project/WORKSPACE_RESCAPT_STM32CUBEIDE/WORKSPACE_RESCAPT_STM32CUBEIDE/rescapt/Utilities/STM32F1xx_Nucleo" -I"/home/e2022/a2rahal/Bureau/CAN_project/WORKSPACE_RESCAPT_STM32CUBEIDE/WORKSPACE_RESCAPT_STM32CUBEIDE/rescapt/inc" -I"/home/e2022/a2rahal/Bureau/CAN_project/WORKSPACE_RESCAPT_STM32CUBEIDE/WORKSPACE_RESCAPT_STM32CUBEIDE/rescapt/CMSIS/device" -I"/home/e2022/a2rahal/Bureau/CAN_project/WORKSPACE_RESCAPT_STM32CUBEIDE/WORKSPACE_RESCAPT_STM32CUBEIDE/rescapt/CMSIS/core" -I"/home/e2022/a2rahal/Bureau/CAN_project/WORKSPACE_RESCAPT_STM32CUBEIDE/WORKSPACE_RESCAPT_STM32CUBEIDE/rescapt/HAL_Driver/Inc" -O0 -ffunction-sections -Wall -fcommon -fstack-usage -MMD -MP -MF"src/main.d" -MT"src/main.o" --specs=nano.specs -mfloat-abi=soft -mthumb -o "src/main.o"
../src/main.c: In function 'main':
../src/main.c:209:5: warning: implicit declaration of function 'MPU9250_callBack' [-Wimplicit-function-declaration]
  209 |     MPU9250_callBack();
      |     ^~~~~~~~~~~~~~~~
../src/main.c:210:5: warning: implicit declaration of function 'canSendMessage' [-Wimplicit-function-declaration]
  210 |     canSendMessage();
      |     ^~~~~~~~~~~~~~
../src/main.c:136:13: warning: variable 'response' set but not used [-Wunused-but-set-variable]
  136 |     uint8_t response=0;
      |             ^~~~~~~~
../src/main.c: At top level:
../src/main.c:258:6: warning: conflicting types for 'MPU9250_callBack'
  258 | void MPU9250_callBack(void){
      |      ^~~~~~~~~~~~~~~~
../src/main.c:209:5: note: previous implicit declaration of 'MPU9250_callBack' was here
  209 |     MPU9250_callBack();
      |     ^~~~~~~~~~~~~~~~
../src/main.c: In function 'MPU9250_callBack':
../src/main.c:284:15: warning: implicit declaration of function 'rotationMdxl_setGoalVelocity'; did you mean 'dxl_setGoalVelocity'? [-Wimplicit-function-declaration]
  284 |  psi = atan2f(rotationMdxl_setGoalVelocity(1, 140);atrix[0], rotationMatrix[1]);
      |               ^~~~~~~~~~~~~~~~~~~~~~~~~~~~
      |               dxl_setGoalVelocity
../src/main.c:284:51: error: expected ')' before ';' token
  284 |  psi = atan2f(rotationMdxl_setGoalVelocity(1, 140);atrix[0], rotationMatrix[1]);
      |                                                   ^
      |                                                   )
../src/main.c:284:8: error: too few arguments to function 'atan2f'
  284 |  psi = atan2f(rotationMdxl_setGoalVelocity(1, 140);atrix[0], rotationMatrix[1]);
      |        ^~~~~~
In file included from ../src/MadgwickAHRS.h:17,
                 from ../src/main.c:2:
/local/st/stm32cubeide_1.9.0/plugins/com.st.stm32cube.ide.mcu.externaltools.gnu-tools-for-stm32.10.3-2021.10.linux64_1.0.0.202111181127/tools/arm-none-eabi/include/math.h:368:14: note: declared here
  368 | extern float atan2f (float, float);
      |              ^~~~~~
../src/main.c: At top level:
../src/main.c:350:6: warning: conflicting types for 'canSendMessage'
  350 | void canSendMessage(void){
      |      ^~~~~~~~~~~~~~
../src/main.c:210:5: note: previous implicit declaration of 'canSendMessage' was here
  210 |     canSendMessage();
      |     ^~~~~~~~~~~~~~
make: *** [src/subdir.mk:70: src/main.o] Error 1
"make all" terminated with exit code 2. Build might be incomplete.
14:15:29 **** Incremental Build of configuration Debug for project rescapt ****
make all 
arm-none-eabi-gcc "../src/main.c" -mcpu=cortex-m3 -std=gnu11 -g3 -DSTM32 -DSTM32F1 -DSTM32F103RBTx -DNUCLEO_F103RB -DDEBUG -DSTM32F103xB -DUSE_HAL_DRIVER -c -I"/home/e2022/a2rahal/Bureau/CAN_project/WORKSPACE_RESCAPT_STM32CUBEIDE/WORKSPACE_RESCAPT_STM32CUBEIDE/rescapt/HAL_Driver/Inc/Legacy" -I"/home/e2022/a2rahal/Bureau/CAN_project/WORKSPACE_RESCAPT_STM32CUBEIDE/WORKSPACE_RESCAPT_STM32CUBEIDE/rescapt/src/vl6180x" -I"/home/e2022/a2rahal/Bureau/CAN_project/WORKSPACE_RESCAPT_STM32CUBEIDE/WORKSPACE_RESCAPT_STM32CUBEIDE/rescapt/Utilities/STM32F1xx_Nucleo" -I"/home/e2022/a2rahal/Bureau/CAN_project/WORKSPACE_RESCAPT_STM32CUBEIDE/WORKSPACE_RESCAPT_STM32CUBEIDE/rescapt/inc" -I"/home/e2022/a2rahal/Bureau/CAN_project/WORKSPACE_RESCAPT_STM32CUBEIDE/WORKSPACE_RESCAPT_STM32CUBEIDE/rescapt/CMSIS/device" -I"/home/e2022/a2rahal/Bureau/CAN_project/WORKSPACE_RESCAPT_STM32CUBEIDE/WORKSPACE_RESCAPT_STM32CUBEIDE/rescapt/CMSIS/core" -I"/home/e2022/a2rahal/Bureau/CAN_project/WORKSPACE_RESCAPT_STM32CUBEIDE/WORKSPACE_RESCAPT_STM32CUBEIDE/rescapt/HAL_Driver/Inc" -O0 -ffunction-sections -Wall -fcommon -fstack-usage -MMD -MP -MF"src/main.d" -MT"src/main.o" --specs=nano.specs -mfloat-abi=soft -mthumb -o "src/main.o"
../src/main.c: In function 'main':
../src/main.c:209:5: warning: implicit declaration of function 'MPU9250_callBack' [-Wimplicit-function-declaration]
  209 |     MPU9250_callBack();
      |     ^~~~~~~~~~~~~~~~
../src/main.c:210:5: warning: implicit declaration of function 'canSendMessage' [-Wimplicit-function-declaration]
  210 |     canSendMessage();
      |     ^~~~~~~~~~~~~~
../src/main.c:136:13: warning: variable 'response' set but not used [-Wunused-but-set-variable]
  136 |     uint8_t response=0;
      |             ^~~~~~~~
../src/main.c: At top level:
../src/main.c:258:6: warning: conflicting types for 'MPU9250_callBack'
  258 | void MPU9250_callBack(void){
      |      ^~~~~~~~~~~~~~~~
../src/main.c:209:5: note: previous implicit declaration of 'MPU9250_callBack' was here
  209 |     MPU9250_callBack();
      |     ^~~~~~~~~~~~~~~~
../src/main.c:350:6: warning: conflicting types for 'canSendMessage'
  350 | void canSendMessage(void){
      |      ^~~~~~~~~~~~~~
../src/main.c:210:5: note: previous implicit declaration of 'canSendMessage' was here
  210 |     canSendMessage();
      |     ^~~~~~~~~~~~~~
arm-none-eabi-gcc -o "rescapt.elf" @"objects.list"   -mcpu=cortex-m3 -T"/home/e2022/a2rahal/Bureau/CAN_project/WORKSPACE_RESCAPT_STM32CUBEIDE/WORKSPACE_RESCAPT_STM32CUBEIDE/rescapt/LinkerScript.ld" --specs=nosys.specs -Wl,-Map="rescapt.map" -Wl,--gc-sections -static --specs=nano.specs -mfloat-abi=soft -mthumb -u _printf_float -u _scanf_float -Wl,--start-group -lc -lm -Wl,--end-group
Finished building target: rescapt.elf
 
arm-none-eabi-size   rescapt.elf 
   text	   data	    bss	    dec	    hex	filename
  56348	    504	   3064	  59916	   ea0c	rescapt.elf
Finished building: default.size.stdout
 
arm-none-eabi-objdump -h -S  rescapt.elf  > "rescapt.list"
Finished building: rescapt.list
 
arm-none-eabi-objcopy  -O binary  rescapt.elf  "rescapt.bin"
Finished building: rescapt.bin
 
15:24:11 **** Incremental Build of configuration Debug for project rescapt ****
make all 
arm-none-eabi-gcc "../src/main.c" -mcpu=cortex-m3 -std=gnu11 -g3 -DSTM32 -DSTM32F1 -DSTM32F103RBTx -DNUCLEO_F103RB -DDEBUG -DSTM32F103xB -DUSE_HAL_DRIVER -c -I"/home/e2022/a2rahal/Bureau/CAN_project/WORKSPACE_RESCAPT_STM32CUBEIDE/WORKSPACE_RESCAPT_STM32CUBEIDE/rescapt/HAL_Driver/Inc/Legacy" -I"/home/e2022/a2rahal/Bureau/CAN_project/WORKSPACE_RESCAPT_STM32CUBEIDE/WORKSPACE_RESCAPT_STM32CUBEIDE/rescapt/src/vl6180x" -I"/home/e2022/a2rahal/Bureau/CAN_project/WORKSPACE_RESCAPT_STM32CUBEIDE/WORKSPACE_RESCAPT_STM32CUBEIDE/rescapt/Utilities/STM32F1xx_Nucleo" -I"/home/e2022/a2rahal/Bureau/CAN_project/WORKSPACE_RESCAPT_STM32CUBEIDE/WORKSPACE_RESCAPT_STM32CUBEIDE/rescapt/inc" -I"/home/e2022/a2rahal/Bureau/CAN_project/WORKSPACE_RESCAPT_STM32CUBEIDE/WORKSPACE_RESCAPT_STM32CUBEIDE/rescapt/CMSIS/device" -I"/home/e2022/a2rahal/Bureau/CAN_project/WORKSPACE_RESCAPT_STM32CUBEIDE/WORKSPACE_RESCAPT_STM32CUBEIDE/rescapt/CMSIS/core" -I"/home/e2022/a2rahal/Bureau/CAN_project/WORKSPACE_RESCAPT_STM32CUBEIDE/WORKSPACE_RESCAPT_STM32CUBEIDE/rescapt/HAL_Driver/Inc" -O0 -ffunction-sections -Wall -fcommon -fstack-usage -MMD -MP -MF"src/main.d" -MT"src/main.o" --specs=nano.specs -mfloat-abi=soft -mthumb -o "src/main.o"
../src/main.c: In function 'main':
../src/main.c:191:6: warning: implicit declaration of function 'DYN_ANEMO_PRESS_callBack' [-Wimplicit-function-declaration]
  191 |      DYN_ANEMO_PRESS_callBack();
      |      ^~~~~~~~~~~~~~~~~~~~~~~~
../src/main.c:192:6: warning: implicit declaration of function 'canSendMessage' [-Wimplicit-function-declaration]
  192 |      canSendMessage();
      |      ^~~~~~~~~~~~~~
../src/main.c: At top level:
../src/main.c:220:6: warning: conflicting types for 'DYN_ANEMO_PRESS_callBack'
  220 | void DYN_ANEMO_PRESS_callBack(void){
      |      ^~~~~~~~~~~~~~~~~~~~~~~~
../src/main.c:191:6: note: previous implicit declaration of 'DYN_ANEMO_PRESS_callBack' was here
  191 |      DYN_ANEMO_PRESS_callBack();
      |      ^~~~~~~~~~~~~~~~~~~~~~~~
../src/main.c: In function 'DYN_ANEMO_PRESS_callBack':
../src/main.c:221:2: error: unknown type name 'messageToDistance'
  221 |  messageToDistance
      |  ^~~~~~~~~~~~~~~~~
../src/main.c: At top level:
../src/main.c:350:6: warning: conflicting types for 'canSendMessage'
  350 | void canSendMessage(void){
      |      ^~~~~~~~~~~~~~
../src/main.c:192:6: note: previous implicit declaration of 'canSendMessage' was here
  192 |      canSendMessage();
      |      ^~~~~~~~~~~~~~
make: *** [src/subdir.mk:70: src/main.o] Error 1
"make all" terminated with exit code 2. Build might be incomplete.
15:24:25 **** Incremental Build of configuration Debug for project rescapt ****
make all 
arm-none-eabi-gcc "../src/main.c" -mcpu=cortex-m3 -std=gnu11 -g3 -DSTM32 -DSTM32F1 -DSTM32F103RBTx -DNUCLEO_F103RB -DDEBUG -DSTM32F103xB -DUSE_HAL_DRIVER -c -I"/home/e2022/a2rahal/Bureau/CAN_project/WORKSPACE_RESCAPT_STM32CUBEIDE/WORKSPACE_RESCAPT_STM32CUBEIDE/rescapt/HAL_Driver/Inc/Legacy" -I"/home/e2022/a2rahal/Bureau/CAN_project/WORKSPACE_RESCAPT_STM32CUBEIDE/WORKSPACE_RESCAPT_STM32CUBEIDE/rescapt/src/vl6180x" -I"/home/e2022/a2rahal/Bureau/CAN_project/WORKSPACE_RESCAPT_STM32CUBEIDE/WORKSPACE_RESCAPT_STM32CUBEIDE/rescapt/Utilities/STM32F1xx_Nucleo" -I"/home/e2022/a2rahal/Bureau/CAN_project/WORKSPACE_RESCAPT_STM32CUBEIDE/WORKSPACE_RESCAPT_STM32CUBEIDE/rescapt/inc" -I"/home/e2022/a2rahal/Bureau/CAN_project/WORKSPACE_RESCAPT_STM32CUBEIDE/WORKSPACE_RESCAPT_STM32CUBEIDE/rescapt/CMSIS/device" -I"/home/e2022/a2rahal/Bureau/CAN_project/WORKSPACE_RESCAPT_STM32CUBEIDE/WORKSPACE_RESCAPT_STM32CUBEIDE/rescapt/CMSIS/core" -I"/home/e2022/a2rahal/Bureau/CAN_project/WORKSPACE_RESCAPT_STM32CUBEIDE/WORKSPACE_RESCAPT_STM32CUBEIDE/rescapt/HAL_Driver/Inc" -O0 -ffunction-sections -Wall -fcommon -fstack-usage -MMD -MP -MF"src/main.d" -MT"src/main.o" --specs=nano.specs -mfloat-abi=soft -mthumb -o "src/main.o"
../src/main.c: In function 'main':
../src/main.c:191:6: warning: implicit declaration of function 'DYN_ANEMO_PRESS_callBack' [-Wimplicit-function-declaration]
  191 |      DYN_ANEMO_PRESS_callBack();
      |      ^~~~~~~~~~~~~~~~~~~~~~~~
../src/main.c:192:6: warning: implicit declaration of function 'canSendMessage' [-Wimplicit-function-declaration]
  192 |      canSendMessage();
      |      ^~~~~~~~~~~~~~
../src/main.c: At top level:
../src/main.c:220:6: warning: conflicting types for 'DYN_ANEMO_PRESS_callBack'
  220 | void DYN_ANEMO_PRESS_callBack(void){
      |      ^~~~~~~~~~~~~~~~~~~~~~~~
../src/main.c:191:6: note: previous implicit declaration of 'DYN_ANEMO_PRESS_callBack' was here
  191 |      DYN_ANEMO_PRESS_callBack();
      |      ^~~~~~~~~~~~~~~~~~~~~~~~
../src/main.c:350:6: warning: conflicting types for 'canSendMessage'
  350 | void canSendMessage(void){
      |      ^~~~~~~~~~~~~~
../src/main.c:192:6: note: previous implicit declaration of 'canSendMessage' was here
  192 |      canSendMessage();
      |      ^~~~~~~~~~~~~~
arm-none-eabi-gcc -o "rescapt.elf" @"objects.list"   -mcpu=cortex-m3 -T"/home/e2022/a2rahal/Bureau/CAN_project/WORKSPACE_RESCAPT_STM32CUBEIDE/WORKSPACE_RESCAPT_STM32CUBEIDE/rescapt/LinkerScript.ld" --specs=nosys.specs -Wl,-Map="rescapt.map" -Wl,--gc-sections -static --specs=nano.specs -mfloat-abi=soft -mthumb -u _printf_float -u _scanf_float -Wl,--start-group -lc -lm -Wl,--end-group
Finished building target: rescapt.elf
 
arm-none-eabi-size   rescapt.elf 
   text	   data	    bss	    dec	    hex	filename
  47408	    496	   2888	  50792	   c668	rescapt.elf
Finished building: default.size.stdout
 
arm-none-eabi-objdump -h -S  rescapt.elf  > "rescapt.list"
Finished building: rescapt.list
 
arm-none-eabi-objcopy  -O binary  rescapt.elf  "rescapt.bin"
Finished building: rescapt.bin
 
