../src/vl6180x/vl6180x_lib.c:16:6:DISP_ExecLoopBody	8	static
../src/vl6180x/vl6180x_lib.c:26:6:DISP_Task	16	static
../src/vl6180x/vl6180x_lib.c:33:6:SetDisplayString	16	static
../src/vl6180x/vl6180x_lib.c:37:6:HAL_GPIO_EXTI_Callback	16	static
../src/vl6180x/vl6180x_lib.c:46:6:HAL_SYSTICK_Callback	4	static
../src/vl6180x/vl6180x_lib.c:50:6:XNUCLEO6180XA1_WaitMilliSec	16	static
../src/vl6180x/vl6180x_lib.c:54:6:WaitMilliSec	32	static
../src/vl6180x/vl6180x_lib.c:65:5:BSP_GetPushButton	16	static
../src/vl6180x/vl6180x_lib.c:73:6:XNUCLEO6180XA1_UserIntHandler	4	static
../src/vl6180x/vl6180x_lib.c:77:5:VL6180x_I2CWrite	24	static
../src/vl6180x/vl6180x_lib.c:83:5:VL6180x_I2CRead	24	static
../src/vl6180x/vl6180x_lib.c:89:6:AbortErr	16	static
../src/vl6180x/vl6180x_lib.c:96:6:AlsState	16	static
../src/vl6180x/vl6180x_lib.c:119:6:InitAlsMode	16	static
../src/vl6180x/vl6180x_lib.c:130:6:DoScalingSwap	16	static
../src/vl6180x/vl6180x_lib.c:170:5:PusbButton_WaitUnPress	8	static
../src/vl6180x/vl6180x_lib.c:182:6:AlarmShowMode	16	static
../src/vl6180x/vl6180x_lib.c:191:6:AlarmLowThreshUseCase	8	static
../src/vl6180x/vl6180x_lib.c:209:6:AlarmHighThreshUseCase	8	static
../src/vl6180x/vl6180x_lib.c:227:6:AlarmWindowThreshUseCase	8	static
../src/vl6180x/vl6180x_lib.c:247:6:AlarmUpdateUseCase	8	static
../src/vl6180x/vl6180x_lib.c:265:6:AlarmStop	8	static
../src/vl6180x/vl6180x_lib.c:287:6:AlarmInit	16	static
../src/vl6180x/vl6180x_lib.c:327:6:AlarmState	24	static
../src/vl6180x/vl6180x_lib.c:408:6:GoToAlaramState	8	static
../src/vl6180x/vl6180x_lib.c:415:6:RangeState	24	static
