/home/e2022/a2rahal/Bureau/CAN_project/WORKSPACE_RESCAPT_STM32CUBEIDE/WORKSPACE_RESCAPT_STM32CUBEIDE/rescapt/CMSIS/core/core_cm3.h:1524:22:NVIC_SetPriority	16	static
/home/e2022/a2rahal/Bureau/CAN_project/WORKSPACE_RESCAPT_STM32CUBEIDE/WORKSPACE_RESCAPT_STM32CUBEIDE/rescapt/CMSIS/core/core_cm3.h:1656:26:SysTick_Config	16	static
../src/main.c:90:5:main	8	static
../src/main.c:220:6:DYN_ANEMO_PRESS_callBack	8	static
../src/main.c:350:6:canSendMessage	8	static
../src/main.c:357:6:can_callback	24	static
../src/main.c:423:6:HAL_TIM_PeriodElapsedCallback	16	static
